.sst/platform/src/components/aws/alb.ts(2,3): error TS1484: 'ComponentResourceOptions' is a type and must be imported using a type-only import when 'verbatimModuleSyntax' is enabled.
.sst/platform/src/components/aws/alb.ts(6,21): error TS1484: 'Transform' is a type and must be imported using a type-only import when 'verbatimModuleSyntax' is enabled.
.sst/platform/src/components/aws/alb.ts(13,10): error TS1484: 'Input' is a type and must be imported using a type-only import when 'verbatimModuleSyntax' is enabled.
.sst/platform/src/components/aws/alb.ts(14,10): error TS1484: 'Dns' is a type and must be imported using a type-only import when 'verbatimModuleSyntax' is enabled.
.sst/platform/src/components/aws/alb.ts(246,9): error TS2345: Argument of type 'Output<string | undefined>' is not assignable to parameter of type 'Input<string>'.
  Type 'OutputInstance<string | undefined>' is not assignable to type 'Input<string>'.
    Type 'OutputInstance<string | undefined>' is not assignable to type 'OutputInstance<string>'.
      Type 'string | undefined' is not assignable to type 'string'.
        Type 'undefined' is not assignable to type 'string'.
.sst/platform/src/components/aws/analog.ts(3,10): error TS1484: 'ComponentResourceOptions' is a type and must be imported using a type-only import when 'verbatimModuleSyntax' is enabled.
.sst/platform/src/components/aws/analog.ts(5,10): error TS1484: 'Plan' is a type and must be imported using a type-only import when 'verbatimModuleSyntax' is enabled.
.sst/platform/src/components/aws/analog.ts(5,25): error TS1484: 'SsrSiteArgs' is a type and must be imported using a type-only import when 'verbatimModuleSyntax' is enabled.
.sst/platform/src/components/aws/analog.ts(470,14): error TS4114: This member must have an 'override' modifier because it overrides a member in the base class 'SsrSite'.
.sst/platform/src/components/aws/apigateway-websocket-route.ts(2,3): error TS1484: 'ComponentResourceOptions' is a type and must be imported using a type-only import when 'verbatimModuleSyntax' is enabled.
.sst/platform/src/components/aws/apigateway-websocket-route.ts(3,3): error TS1484: 'Input' is a type and must be imported using a type-only import when 'verbatimModuleSyntax' is enabled.
.sst/platform/src/components/aws/apigateway-websocket-route.ts(9,21): error TS1484: 'Transform' is a type and must be imported using a type-only import when 'verbatimModuleSyntax' is enabled.
.sst/platform/src/components/aws/apigateway-websocket-route.ts(10,10): error TS1484: 'FunctionArgs' is a type and must be imported using a type-only import when 'verbatimModuleSyntax' is enabled.
.sst/platform/src/components/aws/apigateway-websocket-route.ts(10,24): error TS1484: 'FunctionArn' is a type and must be imported using a type-only import when 'verbatimModuleSyntax' is enabled.
.sst/platform/src/components/aws/apigateway-websocket-route.ts(11,10): error TS1484: 'ApiGatewayWebSocketRouteArgs' is a type and must be imported using a type-only import when 'verbatimModuleSyntax' is enabled.
.sst/platform/src/components/aws/apigateway-websocket-route.ts(13,10): error TS1484: 'FunctionBuilder' is a type and must be imported using a type-only import when 'verbatimModuleSyntax' is enabled.
.sst/platform/src/components/aws/apigateway-websocket.ts(2,3): error TS1484: 'ComponentResourceOptions' is a type and must be imported using a type-only import when 'verbatimModuleSyntax' is enabled.
.sst/platform/src/components/aws/apigateway-websocket.ts(11,3): error TS1484: 'Prettify' is a type and must be imported using a type-only import when 'verbatimModuleSyntax' is enabled.
.sst/platform/src/components/aws/apigateway-websocket.ts(12,3): error TS1484: 'Transform' is a type and must be imported using a type-only import when 'verbatimModuleSyntax' is enabled.
.sst/platform/src/components/aws/apigateway-websocket.ts(17,10): error TS1484: 'FunctionArgs' is a type and must be imported using a type-only import when 'verbatimModuleSyntax' is enabled.
.sst/platform/src/components/aws/apigateway-websocket.ts(17,24): error TS1484: 'FunctionArn' is a type and must be imported using a type-only import when 'verbatimModuleSyntax' is enabled.
.sst/platform/src/components/aws/apigateway-websocket.ts(22,10): error TS1484: 'ApiGatewayV2DomainArgs' is a type and must be imported using a type-only import when 'verbatimModuleSyntax' is enabled.
.sst/platform/src/components/aws/apigatewayv1-api-key.ts(2,10): error TS1484: 'ComponentResourceOptions' is a type and must be imported using a type-only import when 'verbatimModuleSyntax' is enabled.
.sst/platform/src/components/aws/apigatewayv1-api-key.ts(2,36): error TS1484: 'Input' is a type and must be imported using a type-only import when 'verbatimModuleSyntax' is enabled.
.sst/platform/src/components/aws/apigatewayv1-api-key.ts(4,10): error TS1484: 'ApiGatewayV1ApiKeyArgs' is a type and must be imported using a type-only import when 'verbatimModuleSyntax' is enabled.
.sst/platform/src/components/aws/apigatewayv1-authorizer.ts(2,3): error TS1484: 'ComponentResourceOptions' is a type and must be imported using a type-only import when 'verbatimModuleSyntax' is enabled.
.sst/platform/src/components/aws/apigatewayv1-authorizer.ts(3,3): error TS1484: 'Input' is a type and must be imported using a type-only import when 'verbatimModuleSyntax' is enabled.
.sst/platform/src/components/aws/apigatewayv1-authorizer.ts(10,10): error TS1484: 'ApiGatewayV1AuthorizerArgs' is a type and must be imported using a type-only import when 'verbatimModuleSyntax' is enabled.
.sst/platform/src/components/aws/apigatewayv1-authorizer.ts(12,10): error TS1484: 'FunctionBuilder' is a type and must be imported using a type-only import when 'verbatimModuleSyntax' is enabled.
.sst/platform/src/components/aws/apigatewayv1-base-route.ts(1,10): error TS1484: 'Input' is a type and must be imported using a type-only import when 'verbatimModuleSyntax' is enabled.
.sst/platform/src/components/aws/apigatewayv1-base-route.ts(4,10): error TS1484: 'ApiGatewayV1RouteArgs' is a type and must be imported using a type-only import when 'verbatimModuleSyntax' is enabled.
.sst/platform/src/components/aws/apigatewayv1-integration-route.ts(2,3): error TS1484: 'ComponentResourceOptions' is a type and must be imported using a type-only import when 'verbatimModuleSyntax' is enabled.
.sst/platform/src/components/aws/apigatewayv1-integration-route.ts(3,3): error TS1484: 'Input' is a type and must be imported using a type-only import when 'verbatimModuleSyntax' is enabled.
.sst/platform/src/components/aws/apigatewayv1-integration-route.ts(8,10): error TS1484: 'ApiGatewayV1IntegrationArgs' is a type and must be imported using a type-only import when 'verbatimModuleSyntax' is enabled.
.sst/platform/src/components/aws/apigatewayv1-integration-route.ts(11,3): error TS1484: 'ApiGatewayV1BaseRouteArgs' is a type and must be imported using a type-only import when 'verbatimModuleSyntax' is enabled.
.sst/platform/src/components/aws/apigatewayv1-lambda-route.ts(3,3): error TS1484: 'ComponentResourceOptions' is a type and must be imported using a type-only import when 'verbatimModuleSyntax' is enabled.
.sst/platform/src/components/aws/apigatewayv1-lambda-route.ts(4,3): error TS1484: 'Input' is a type and must be imported using a type-only import when 'verbatimModuleSyntax' is enabled.
.sst/platform/src/components/aws/apigatewayv1-lambda-route.ts(9,21): error TS1484: 'Transform' is a type and must be imported using a type-only import when 'verbatimModuleSyntax' is enabled.
.sst/platform/src/components/aws/apigatewayv1-lambda-route.ts(10,10): error TS1484: 'FunctionArgs' is a type and must be imported using a type-only import when 'verbatimModuleSyntax' is enabled.
.sst/platform/src/components/aws/apigatewayv1-lambda-route.ts(13,3): error TS1484: 'ApiGatewayV1BaseRouteArgs' is a type and must be imported using a type-only import when 'verbatimModuleSyntax' is enabled.
.sst/platform/src/components/aws/apigatewayv1-lambda-route.ts(16,10): error TS1484: 'FunctionBuilder' is a type and must be imported using a type-only import when 'verbatimModuleSyntax' is enabled.
.sst/platform/src/components/aws/apigatewayv1-usage-plan.ts(2,10): error TS1484: 'ComponentResourceOptions' is a type and must be imported using a type-only import when 'verbatimModuleSyntax' is enabled.
.sst/platform/src/components/aws/apigatewayv1-usage-plan.ts(2,36): error TS1484: 'Input' is a type and must be imported using a type-only import when 'verbatimModuleSyntax' is enabled.
.sst/platform/src/components/aws/apigatewayv1-usage-plan.ts(5,3): error TS1484: 'ApiGatewayV1ApiKeyArgs' is a type and must be imported using a type-only import when 'verbatimModuleSyntax' is enabled.
.sst/platform/src/components/aws/apigatewayv1-usage-plan.ts(6,3): error TS1484: 'ApiGatewayV1UsagePlanArgs' is a type and must be imported using a type-only import when 'verbatimModuleSyntax' is enabled.
.sst/platform/src/components/aws/apigatewayv1.ts(2,3): error TS1484: 'ComponentResourceOptions' is a type and must be imported using a type-only import when 'verbatimModuleSyntax' is enabled.
.sst/platform/src/components/aws/apigatewayv1.ts(11,3): error TS1484: 'Prettify' is a type and must be imported using a type-only import when 'verbatimModuleSyntax' is enabled.
.sst/platform/src/components/aws/apigatewayv1.ts(12,3): error TS1484: 'Transform' is a type and must be imported using a type-only import when 'verbatimModuleSyntax' is enabled.
.sst/platform/src/components/aws/apigatewayv1.ts(17,10): error TS1484: 'FunctionArgs' is a type and must be imported using a type-only import when 'verbatimModuleSyntax' is enabled.
.sst/platform/src/components/aws/apigatewayv1.ts(17,24): error TS1484: 'FunctionArn' is a type and must be imported using a type-only import when 'verbatimModuleSyntax' is enabled.
.sst/platform/src/components/aws/apigatewayv1.ts(25,10): error TS1484: 'Dns' is a type and must be imported using a type-only import when 'verbatimModuleSyntax' is enabled.
.sst/platform/src/components/aws/apigatewayv1.ts(973,25): error TS2345: Argument of type 'string | undefined' is not assignable to parameter of type 'string'.
  Type 'undefined' is not assignable to type 'string'.
.sst/platform/src/components/aws/apigatewayv1.ts(977,33): error TS2345: Argument of type 'string | undefined' is not assignable to parameter of type 'string'.
  Type 'undefined' is not assignable to type 'string'.
.sst/platform/src/components/aws/apigatewayv1.ts(991,9): error TS2322: Type 'string | undefined' is not assignable to type 'string'.
  Type 'undefined' is not assignable to type 'string'.
.sst/platform/src/components/aws/apigatewayv1.ts(992,36): error TS2538: Type 'undefined' cannot be used as an index type.
.sst/platform/src/components/aws/apigatewayv1.ts(1038,25): error TS2345: Argument of type 'string | undefined' is not assignable to parameter of type 'string'.
  Type 'undefined' is not assignable to type 'string'.
.sst/platform/src/components/aws/apigatewayv1.ts(1042,33): error TS2345: Argument of type 'string | undefined' is not assignable to parameter of type 'string'.
  Type 'undefined' is not assignable to type 'string'.
.sst/platform/src/components/aws/apigatewayv1.ts(1056,9): error TS2322: Type 'string | undefined' is not assignable to type 'string'.
  Type 'undefined' is not assignable to type 'string'.
.sst/platform/src/components/aws/apigatewayv1.ts(1057,36): error TS2538: Type 'undefined' cannot be used as an index type.
.sst/platform/src/components/aws/apigatewayv1.ts(1077,20): error TS18048: 'methodRaw' is possibly 'undefined'.
.sst/platform/src/components/aws/apigatewayv1.ts(1092,10): error TS18048: 'path' is possibly 'undefined'.
.sst/platform/src/components/aws/apigatewayv1.ts(1120,13): error TS2322: Type 'Output<string> | undefined' is not assignable to type 'Input<string>'.
  Type 'undefined' is not assignable to type 'Input<string>'.
.sst/platform/src/components/aws/apigatewayv1.ts(1124,13): error TS2322: Type 'string | undefined' is not assignable to type 'Input<string>'.
  Type 'undefined' is not assignable to type 'Input<string>'.
.sst/platform/src/components/aws/apigatewayv1.ts(1475,9): error TS18048: 'resources' is possibly 'undefined'.
.sst/platform/src/components/aws/apigatewayv1.ts(1492,17): error TS18048: 'resources' is possibly 'undefined'.
.sst/platform/src/components/aws/apigatewayv2-authorizer.ts(2,3): error TS1484: 'ComponentResourceOptions' is a type and must be imported using a type-only import when 'verbatimModuleSyntax' is enabled.
.sst/platform/src/components/aws/apigatewayv2-authorizer.ts(3,3): error TS1484: 'Input' is a type and must be imported using a type-only import when 'verbatimModuleSyntax' is enabled.
.sst/platform/src/components/aws/apigatewayv2-authorizer.ts(8,10): error TS1484: 'ApiGatewayV2AuthorizerArgs' is a type and must be imported using a type-only import when 'verbatimModuleSyntax' is enabled.
.sst/platform/src/components/aws/apigatewayv2-base-route.ts(1,10): error TS1484: 'Input' is a type and must be imported using a type-only import when 'verbatimModuleSyntax' is enabled.
.sst/platform/src/components/aws/apigatewayv2-base-route.ts(3,10): error TS1484: 'ApiGatewayV2RouteArgs' is a type and must be imported using a type-only import when 'verbatimModuleSyntax' is enabled.
.sst/platform/src/components/aws/apigatewayv2-lambda-route.ts(2,3): error TS1484: 'ComponentResourceOptions' is a type and must be imported using a type-only import when 'verbatimModuleSyntax' is enabled.
.sst/platform/src/components/aws/apigatewayv2-lambda-route.ts(3,3): error TS1484: 'Input' is a type and must be imported using a type-only import when 'verbatimModuleSyntax' is enabled.
.sst/platform/src/components/aws/apigatewayv2-lambda-route.ts(8,21): error TS1484: 'Transform' is a type and must be imported using a type-only import when 'verbatimModuleSyntax' is enabled.
.sst/platform/src/components/aws/apigatewayv2-lambda-route.ts(9,10): error TS1484: 'FunctionArgs' is a type and must be imported using a type-only import when 'verbatimModuleSyntax' is enabled.
.sst/platform/src/components/aws/apigatewayv2-lambda-route.ts(9,24): error TS1484: 'FunctionArn' is a type and must be imported using a type-only import when 'verbatimModuleSyntax' is enabled.
.sst/platform/src/components/aws/apigatewayv2-lambda-route.ts(12,3): error TS1484: 'ApiGatewayV2BaseRouteArgs' is a type and must be imported using a type-only import when 'verbatimModuleSyntax' is enabled.
.sst/platform/src/components/aws/apigatewayv2-lambda-route.ts(15,10): error TS1484: 'FunctionBuilder' is a type and must be imported using a type-only import when 'verbatimModuleSyntax' is enabled.
.sst/platform/src/components/aws/apigatewayv2-private-route.ts(2,3): error TS1484: 'ComponentResourceOptions' is a type and must be imported using a type-only import when 'verbatimModuleSyntax' is enabled.
.sst/platform/src/components/aws/apigatewayv2-private-route.ts(3,3): error TS1484: 'Input' is a type and must be imported using a type-only import when 'verbatimModuleSyntax' is enabled.
.sst/platform/src/components/aws/apigatewayv2-private-route.ts(10,3): error TS1484: 'ApiGatewayV2BaseRouteArgs' is a type and must be imported using a type-only import when 'verbatimModuleSyntax' is enabled.
.sst/platform/src/components/aws/apigatewayv2-url-route.ts(2,3): error TS1484: 'ComponentResourceOptions' is a type and must be imported using a type-only import when 'verbatimModuleSyntax' is enabled.
.sst/platform/src/components/aws/apigatewayv2-url-route.ts(3,3): error TS1484: 'Input' is a type and must be imported using a type-only import when 'verbatimModuleSyntax' is enabled.
.sst/platform/src/components/aws/apigatewayv2-url-route.ts(11,3): error TS1484: 'ApiGatewayV2BaseRouteArgs' is a type and must be imported using a type-only import when 'verbatimModuleSyntax' is enabled.
.sst/platform/src/components/aws/apigatewayv2.ts(1,10): error TS1484: 'ComponentResourceOptions' is a type and must be imported using a type-only import when 'verbatimModuleSyntax' is enabled.
.sst/platform/src/components/aws/apigatewayv2.ts(5,3): error TS1484: 'Prettify' is a type and must be imported using a type-only import when 'verbatimModuleSyntax' is enabled.
.sst/platform/src/components/aws/apigatewayv2.ts(6,3): error TS1484: 'Transform' is a type and must be imported using a type-only import when 'verbatimModuleSyntax' is enabled.
.sst/platform/src/components/aws/apigatewayv2.ts(11,10): error TS1484: 'FunctionArgs' is a type and must be imported using a type-only import when 'verbatimModuleSyntax' is enabled.
.sst/platform/src/components/aws/apigatewayv2.ts(11,24): error TS1484: 'FunctionArn' is a type and must be imported using a type-only import when 'verbatimModuleSyntax' is enabled.
.sst/platform/src/components/aws/apigatewayv2.ts(17,10): error TS1484: 'ApiGatewayV2DomainArgs' is a type and must be imported using a type-only import when 'verbatimModuleSyntax' is enabled.
.sst/platform/src/components/aws/apigatewayv2.ts(23,3): error TS1484: 'Duration' is a type and must be imported using a type-only import when 'verbatimModuleSyntax' is enabled.
.sst/platform/src/components/aws/apigatewayv2.ts(24,3): error TS1484: 'DurationHours' is a type and must be imported using a type-only import when 'verbatimModuleSyntax' is enabled.
.sst/platform/src/components/aws/apigatewayv2.ts(25,3): error TS1484: 'DurationMinutes' is a type and must be imported using a type-only import when 'verbatimModuleSyntax' is enabled.
.sst/platform/src/components/aws/apigatewayv2.ts(1299,20): error TS18048: 'methodRaw' is possibly 'undefined'.
.sst/platform/src/components/aws/apigatewayv2.ts(1316,10): error TS18048: 'path' is possibly 'undefined'.
.sst/platform/src/components/aws/app-sync-data-source.ts(2,3): error TS1484: 'ComponentResourceOptions' is a type and must be imported using a type-only import when 'verbatimModuleSyntax' is enabled.
.sst/platform/src/components/aws/app-sync-data-source.ts(3,3): error TS1484: 'Input' is a type and must be imported using a type-only import when 'verbatimModuleSyntax' is enabled.
.sst/platform/src/components/aws/app-sync-data-source.ts(10,10): error TS1484: 'AppSyncDataSourceArgs' is a type and must be imported using a type-only import when 'verbatimModuleSyntax' is enabled.
.sst/platform/src/components/aws/app-sync-data-source.ts(13,10): error TS1484: 'FunctionBuilder' is a type and must be imported using a type-only import when 'verbatimModuleSyntax' is enabled.
.sst/platform/src/components/aws/app-sync-function.ts(1,10): error TS1484: 'ComponentResourceOptions' is a type and must be imported using a type-only import when 'verbatimModuleSyntax' is enabled.
.sst/platform/src/components/aws/app-sync-function.ts(1,36): error TS1484: 'Input' is a type and must be imported using a type-only import when 'verbatimModuleSyntax' is enabled.
.sst/platform/src/components/aws/app-sync-function.ts(3,10): error TS1484: 'AppSyncFunctionArgs' is a type and must be imported using a type-only import when 'verbatimModuleSyntax' is enabled.
.sst/platform/src/components/aws/app-sync-resolver.ts(1,10): error TS1484: 'ComponentResourceOptions' is a type and must be imported using a type-only import when 'verbatimModuleSyntax' is enabled.
.sst/platform/src/components/aws/app-sync-resolver.ts(1,36): error TS1484: 'Input' is a type and must be imported using a type-only import when 'verbatimModuleSyntax' is enabled.
.sst/platform/src/components/aws/app-sync-resolver.ts(3,10): error TS1484: 'AppSyncResolverArgs' is a type and must be imported using a type-only import when 'verbatimModuleSyntax' is enabled.
.sst/platform/src/components/aws/app-sync.ts(2,10): error TS1484: 'ComponentResourceOptions' is a type and must be imported using a type-only import when 'verbatimModuleSyntax' is enabled.
.sst/platform/src/components/aws/app-sync.ts(3,21): error TS1484: 'Transform' is a type and must be imported using a type-only import when 'verbatimModuleSyntax' is enabled.
.sst/platform/src/components/aws/app-sync.ts(6,10): error TS1484: 'FunctionArgs' is a type and must be imported using a type-only import when 'verbatimModuleSyntax' is enabled.
.sst/platform/src/components/aws/app-sync.ts(6,24): error TS1484: 'FunctionArn' is a type and must be imported using a type-only import when 'verbatimModuleSyntax' is enabled.
.sst/platform/src/components/aws/app-sync.ts(13,10): error TS1484: 'Dns' is a type and must be imported using a type-only import when 'verbatimModuleSyntax' is enabled.
.sst/platform/src/components/aws/app-sync.ts(824,39): error TS2345: Argument of type 'string | undefined' is not assignable to parameter of type 'string'.
  Type 'undefined' is not assignable to type 'string'.
.sst/platform/src/components/aws/app-sync.ts(824,64): error TS2345: Argument of type 'string | undefined' is not assignable to parameter of type 'string'.
  Type 'undefined' is not assignable to type 'string'.
.sst/platform/src/components/aws/app-sync.ts(829,9): error TS2322: Type 'string | undefined' is not assignable to type 'Input<string>'.
  Type 'undefined' is not assignable to type 'Input<string>'.
.sst/platform/src/components/aws/app-sync.ts(830,9): error TS2322: Type 'string | undefined' is not assignable to type 'Input<string>'.
  Type 'undefined' is not assignable to type 'Input<string>'.
.sst/platform/src/components/aws/astro.ts(3,10): error TS1484: 'ComponentResourceOptions' is a type and must be imported using a type-only import when 'verbatimModuleSyntax' is enabled.
.sst/platform/src/components/aws/astro.ts(6,10): error TS1484: 'Plan' is a type and must be imported using a type-only import when 'verbatimModuleSyntax' is enabled.
.sst/platform/src/components/aws/astro.ts(6,25): error TS1484: 'SsrSiteArgs' is a type and must be imported using a type-only import when 'verbatimModuleSyntax' is enabled.
.sst/platform/src/components/aws/astro.ts(513,14): error TS4114: This member must have an 'override' modifier because it overrides a member in the base class 'SsrSite'.
.sst/platform/src/components/aws/aurora.ts(3,3): error TS1484: 'ComponentResourceOptions' is a type and must be imported using a type-only import when 'verbatimModuleSyntax' is enabled.
.sst/platform/src/components/aws/aurora.ts(9,21): error TS1484: 'Transform' is a type and must be imported using a type-only import when 'verbatimModuleSyntax' is enabled.
.sst/platform/src/components/aws/aurora.ts(11,10): error TS1484: 'Input' is a type and must be imported using a type-only import when 'verbatimModuleSyntax' is enabled.
.sst/platform/src/components/aws/aurora.ts(18,10): error TS1484: 'DurationHours' is a type and must be imported using a type-only import when 'verbatimModuleSyntax' is enabled.
.sst/platform/src/components/aws/aurora.ts(24,29): error TS2345: Argument of type 'string | undefined' is not assignable to parameter of type 'string'.
  Type 'undefined' is not assignable to type 'string'.
.sst/platform/src/components/aws/aurora.ts(726,9): error TS2345: Argument of type 'Output<string | undefined>' is not assignable to parameter of type 'Input<string>'.
  Type 'OutputInstance<string | undefined>' is not assignable to type 'Input<string>'.
    Type 'OutputInstance<string | undefined>' is not assignable to type 'OutputInstance<string>'.
      Type 'string | undefined' is not assignable to type 'string'.
        Type 'undefined' is not assignable to type 'string'.
.sst/platform/src/components/aws/auth-v1.ts(2,3): error TS1484: 'ComponentResourceOptions' is a type and must be imported using a type-only import when 'verbatimModuleSyntax' is enabled.
.sst/platform/src/components/aws/auth-v1.ts(7,21): error TS1484: 'Transform' is a type and must be imported using a type-only import when 'verbatimModuleSyntax' is enabled.
.sst/platform/src/components/aws/auth-v1.ts(9,10): error TS1484: 'FunctionArgs' is a type and must be imported using a type-only import when 'verbatimModuleSyntax' is enabled.
.sst/platform/src/components/aws/auth.ts(2,3): error TS1484: 'ComponentResourceOptions' is a type and must be imported using a type-only import when 'verbatimModuleSyntax' is enabled.
.sst/platform/src/components/aws/auth.ts(6,21): error TS1484: 'Transform' is a type and must be imported using a type-only import when 'verbatimModuleSyntax' is enabled.
.sst/platform/src/components/aws/auth.ts(8,10): error TS1484: 'FunctionArgs' is a type and must be imported using a type-only import when 'verbatimModuleSyntax' is enabled.
.sst/platform/src/components/aws/auth.ts(8,42): error TS1484: 'CdnArgs' is a type and must be imported using a type-only import when 'verbatimModuleSyntax' is enabled.
.sst/platform/src/components/aws/auth.ts(8,59): error TS1484: 'RouterArgs' is a type and must be imported using a type-only import when 'verbatimModuleSyntax' is enabled.
.sst/platform/src/components/aws/auth.ts(12,10): error TS1484: 'Input' is a type and must be imported using a type-only import when 'verbatimModuleSyntax' is enabled.
.sst/platform/src/components/aws/bucket-lambda-subscriber.ts(2,3): error TS1484: 'ComponentResourceOptions' is a type and must be imported using a type-only import when 'verbatimModuleSyntax' is enabled.
.sst/platform/src/components/aws/bucket-lambda-subscriber.ts(3,3): error TS1484: 'Input' is a type and must be imported using a type-only import when 'verbatimModuleSyntax' is enabled.
.sst/platform/src/components/aws/bucket-lambda-subscriber.ts(9,20): error TS1484: 'FunctionArgs' is a type and must be imported using a type-only import when 'verbatimModuleSyntax' is enabled.
.sst/platform/src/components/aws/bucket-lambda-subscriber.ts(10,10): error TS1484: 'BucketSubscriberArgs' is a type and must be imported using a type-only import when 'verbatimModuleSyntax' is enabled.
.sst/platform/src/components/aws/bucket-lambda-subscriber.ts(12,10): error TS1484: 'FunctionBuilder' is a type and must be imported using a type-only import when 'verbatimModuleSyntax' is enabled.
.sst/platform/src/components/aws/bucket-notification.ts(2,3): error TS1484: 'ComponentResourceOptions' is a type and must be imported using a type-only import when 'verbatimModuleSyntax' is enabled.
.sst/platform/src/components/aws/bucket-notification.ts(3,3): error TS1484: 'Input' is a type and must be imported using a type-only import when 'verbatimModuleSyntax' is enabled.
.sst/platform/src/components/aws/bucket-notification.ts(8,10): error TS1484: 'BucketNotificationsArgs' is a type and must be imported using a type-only import when 'verbatimModuleSyntax' is enabled.
.sst/platform/src/components/aws/bucket-notification.ts(10,10): error TS1484: 'FunctionBuilder' is a type and must be imported using a type-only import when 'verbatimModuleSyntax' is enabled.
.sst/platform/src/components/aws/bucket-queue-subscriber.ts(2,3): error TS1484: 'ComponentResourceOptions' is a type and must be imported using a type-only import when 'verbatimModuleSyntax' is enabled.
.sst/platform/src/components/aws/bucket-queue-subscriber.ts(3,3): error TS1484: 'Input' is a type and must be imported using a type-only import when 'verbatimModuleSyntax' is enabled.
.sst/platform/src/components/aws/bucket-queue-subscriber.ts(8,10): error TS1484: 'BucketSubscriberArgs' is a type and must be imported using a type-only import when 'verbatimModuleSyntax' is enabled.
.sst/platform/src/components/aws/bucket-topic-subscriber.ts(2,3): error TS1484: 'ComponentResourceOptions' is a type and must be imported using a type-only import when 'verbatimModuleSyntax' is enabled.
.sst/platform/src/components/aws/bucket-topic-subscriber.ts(3,3): error TS1484: 'Input' is a type and must be imported using a type-only import when 'verbatimModuleSyntax' is enabled.
.sst/platform/src/components/aws/bucket-topic-subscriber.ts(8,10): error TS1484: 'BucketSubscriberArgs' is a type and must be imported using a type-only import when 'verbatimModuleSyntax' is enabled.
.sst/platform/src/components/aws/bucket.ts(2,3): error TS1484: 'ComponentResourceOptions' is a type and must be imported using a type-only import when 'verbatimModuleSyntax' is enabled.
.sst/platform/src/components/aws/bucket.ts(9,21): error TS1484: 'Prettify' is a type and must be imported using a type-only import when 'verbatimModuleSyntax' is enabled.
.sst/platform/src/components/aws/bucket.ts(9,31): error TS1484: 'Transform' is a type and must be imported using a type-only import when 'verbatimModuleSyntax' is enabled.
.sst/platform/src/components/aws/bucket.ts(12,10): error TS1484: 'FunctionArgs' is a type and must be imported using a type-only import when 'verbatimModuleSyntax' is enabled.
.sst/platform/src/components/aws/bucket.ts(12,24): error TS1484: 'FunctionArn' is a type and must be imported using a type-only import when 'verbatimModuleSyntax' is enabled.
.sst/platform/src/components/aws/bucket.ts(13,10): error TS1484: 'Duration' is a type and must be imported using a type-only import when 'verbatimModuleSyntax' is enabled.
.sst/platform/src/components/aws/bucket.ts(13,20): error TS1484: 'DurationDays' is a type and must be imported using a type-only import when 'verbatimModuleSyntax' is enabled.
.sst/platform/src/components/aws/bucket.ts(999,15): error TS2322: Type '{ id: string | undefined; status: string; expiration: { days: number | undefined; date: string | undefined; } | undefined; filter: { prefix: string; } | undefined; }[]' is not assignable to type 'Input<Input<BucketLifecycleConfigurationRule>[]> | undefined'.
  Type '{ id: string | undefined; status: string; expiration: { days: number | undefined; date: string | undefined; } | undefined; filter: { prefix: string; } | undefined; }[]' is not assignable to type 'Input<BucketLifecycleConfigurationRule>[]'.
    Type '{ id: string | undefined; status: string; expiration: { days: number | undefined; date: string | undefined; } | undefined; filter: { prefix: string; } | undefined; }' is not assignable to type 'Input<BucketLifecycleConfigurationRule>'.
      Type '{ id: string | undefined; status: string; expiration: { days: number | undefined; date: string | undefined; } | undefined; filter: { prefix: string; } | undefined; }' is not assignable to type 'BucketLifecycleConfigurationRule'.
        Types of property 'id' are incompatible.
          Type 'string | undefined' is not assignable to type 'Input<string>'.
            Type 'undefined' is not assignable to type 'Input<string>'.
.sst/platform/src/components/aws/bus-base-subscriber.ts(1,10): error TS1484: 'Input' is a type and must be imported using a type-only import when 'verbatimModuleSyntax' is enabled.
.sst/platform/src/components/aws/bus-base-subscriber.ts(4,10): error TS1484: 'BusSubscriberArgs' is a type and must be imported using a type-only import when 'verbatimModuleSyntax' is enabled.
.sst/platform/src/components/aws/bus-lambda-subscriber.ts(2,3): error TS1484: 'ComponentResourceOptions' is a type and must be imported using a type-only import when 'verbatimModuleSyntax' is enabled.
.sst/platform/src/components/aws/bus-lambda-subscriber.ts(3,3): error TS1484: 'Input' is a type and must be imported using a type-only import when 'verbatimModuleSyntax' is enabled.
.sst/platform/src/components/aws/bus-lambda-subscriber.ts(9,20): error TS1484: 'FunctionArgs' is a type and must be imported using a type-only import when 'verbatimModuleSyntax' is enabled.
.sst/platform/src/components/aws/bus-lambda-subscriber.ts(10,10): error TS1484: 'BusBaseSubscriberArgs' is a type and must be imported using a type-only import when 'verbatimModuleSyntax' is enabled.
.sst/platform/src/components/aws/bus-lambda-subscriber.ts(12,10): error TS1484: 'FunctionBuilder' is a type and must be imported using a type-only import when 'verbatimModuleSyntax' is enabled.
.sst/platform/src/components/aws/bus-queue-subscriber.ts(1,10): error TS1484: 'ComponentResourceOptions' is a type and must be imported using a type-only import when 'verbatimModuleSyntax' is enabled.
.sst/platform/src/components/aws/bus-queue-subscriber.ts(1,36): error TS1484: 'Input' is a type and must be imported using a type-only import when 'verbatimModuleSyntax' is enabled.
.sst/platform/src/components/aws/bus-queue-subscriber.ts(3,10): error TS1484: 'BusBaseSubscriberArgs' is a type and must be imported using a type-only import when 'verbatimModuleSyntax' is enabled.
.sst/platform/src/components/aws/bus.ts(1,10): error TS1484: 'ComponentResourceOptions' is a type and must be imported using a type-only import when 'verbatimModuleSyntax' is enabled.
.sst/platform/src/components/aws/bus.ts(2,21): error TS1484: 'Transform' is a type and must be imported using a type-only import when 'verbatimModuleSyntax' is enabled.
.sst/platform/src/components/aws/bus.ts(5,10): error TS1484: 'FunctionArgs' is a type and must be imported using a type-only import when 'verbatimModuleSyntax' is enabled.
.sst/platform/src/components/aws/bus.ts(5,24): error TS1484: 'FunctionArn' is a type and must be imported using a type-only import when 'verbatimModuleSyntax' is enabled.
.sst/platform/src/components/aws/cdn.ts(3,3): error TS1484: 'ComponentResourceOptions' is a type and must be imported using a type-only import when 'verbatimModuleSyntax' is enabled.
.sst/platform/src/components/aws/cdn.ts(11,21): error TS1484: 'Prettify' is a type and must be imported using a type-only import when 'verbatimModuleSyntax' is enabled.
.sst/platform/src/components/aws/cdn.ts(11,31): error TS1484: 'Transform' is a type and must be imported using a type-only import when 'verbatimModuleSyntax' is enabled.
.sst/platform/src/components/aws/cdn.ts(12,10): error TS1484: 'Input' is a type and must be imported using a type-only import when 'verbatimModuleSyntax' is enabled.
.sst/platform/src/components/aws/cdn.ts(14,10): error TS1484: 'Dns' is a type and must be imported using a type-only import when 'verbatimModuleSyntax' is enabled.
.sst/platform/src/components/aws/cluster-v1.ts(1,10): error TS1484: 'ComponentResourceOptions' is a type and must be imported using a type-only import when 'verbatimModuleSyntax' is enabled.
.sst/platform/src/components/aws/cluster-v1.ts(2,21): error TS1484: 'Transform' is a type and must be imported using a type-only import when 'verbatimModuleSyntax' is enabled.
.sst/platform/src/components/aws/cluster-v1.ts(3,10): error TS1484: 'Input' is a type and must be imported using a type-only import when 'verbatimModuleSyntax' is enabled.
.sst/platform/src/components/aws/cluster-v1.ts(4,10): error TS1484: 'Dns' is a type and must be imported using a type-only import when 'verbatimModuleSyntax' is enabled.
.sst/platform/src/components/aws/cluster-v1.ts(5,10): error TS1484: 'FunctionArgs' is a type and must be imported using a type-only import when 'verbatimModuleSyntax' is enabled.
.sst/platform/src/components/aws/cluster-v1.ts(9,10): error TS1484: 'ImageArgs' is a type and must be imported using a type-only import when 'verbatimModuleSyntax' is enabled.
.sst/platform/src/components/aws/cluster.ts(1,10): error TS1484: 'ComponentResourceOptions' is a type and must be imported using a type-only import when 'verbatimModuleSyntax' is enabled.
.sst/platform/src/components/aws/cluster.ts(4,3): error TS1484: 'ComponentVersion' is a type and must be imported using a type-only import when 'verbatimModuleSyntax' is enabled.
.sst/platform/src/components/aws/cluster.ts(6,3): error TS1484: 'Prettify' is a type and must be imported using a type-only import when 'verbatimModuleSyntax' is enabled.
.sst/platform/src/components/aws/cluster.ts(7,3): error TS1484: 'Transform' is a type and must be imported using a type-only import when 'verbatimModuleSyntax' is enabled.
.sst/platform/src/components/aws/cluster.ts(10,10): error TS1484: 'Input' is a type and must be imported using a type-only import when 'verbatimModuleSyntax' is enabled.
.sst/platform/src/components/aws/cluster.ts(11,19): error TS1484: 'ServiceArgs' is a type and must be imported using a type-only import when 'verbatimModuleSyntax' is enabled.
.sst/platform/src/components/aws/cluster.ts(16,16): error TS1484: 'TaskArgs' is a type and must be imported using a type-only import when 'verbatimModuleSyntax' is enabled.
.sst/platform/src/components/aws/cognito-identity-pool.ts(1,10): error TS1484: 'ComponentResourceOptions' is a type and must be imported using a type-only import when 'verbatimModuleSyntax' is enabled.
.sst/platform/src/components/aws/cognito-identity-pool.ts(2,21): error TS1484: 'Transform' is a type and must be imported using a type-only import when 'verbatimModuleSyntax' is enabled.
.sst/platform/src/components/aws/cognito-identity-pool.ts(3,10): error TS1484: 'FunctionArgs' is a type and must be imported using a type-only import when 'verbatimModuleSyntax' is enabled.
.sst/platform/src/components/aws/cognito-identity-pool.ts(4,10): error TS1484: 'Input' is a type and must be imported using a type-only import when 'verbatimModuleSyntax' is enabled.
.sst/platform/src/components/aws/cognito-identity-pool.ts(410,7): error TS18048: 'attachment.roles.authenticated' is possibly 'undefined'.
.sst/platform/src/components/aws/cognito-identity-pool.ts(416,7): error TS18048: 'attachment.roles.unauthenticated' is possibly 'undefined'.
.sst/platform/src/components/aws/cognito-identity-provider.ts(1,10): error TS1484: 'ComponentResourceOptions' is a type and must be imported using a type-only import when 'verbatimModuleSyntax' is enabled.
.sst/platform/src/components/aws/cognito-identity-provider.ts(2,21): error TS1484: 'Transform' is a type and must be imported using a type-only import when 'verbatimModuleSyntax' is enabled.
.sst/platform/src/components/aws/cognito-identity-provider.ts(3,10): error TS1484: 'Input' is a type and must be imported using a type-only import when 'verbatimModuleSyntax' is enabled.
.sst/platform/src/components/aws/cognito-identity-provider.ts(6,10): error TS1484: 'CognitoIdentityProviderArgs' is a type and must be imported using a type-only import when 'verbatimModuleSyntax' is enabled.
.sst/platform/src/components/aws/cognito-user-pool-client.ts(1,10): error TS1484: 'ComponentResourceOptions' is a type and must be imported using a type-only import when 'verbatimModuleSyntax' is enabled.
.sst/platform/src/components/aws/cognito-user-pool-client.ts(2,21): error TS1484: 'Transform' is a type and must be imported using a type-only import when 'verbatimModuleSyntax' is enabled.
.sst/platform/src/components/aws/cognito-user-pool-client.ts(3,10): error TS1484: 'Input' is a type and must be imported using a type-only import when 'verbatimModuleSyntax' is enabled.
.sst/platform/src/components/aws/cognito-user-pool-client.ts(4,10): error TS1484: 'CognitoUserPoolClientArgs' is a type and must be imported using a type-only import when 'verbatimModuleSyntax' is enabled.
.sst/platform/src/components/aws/cognito-user-pool.ts(2,3): error TS1484: 'ComponentResourceOptions' is a type and must be imported using a type-only import when 'verbatimModuleSyntax' is enabled.
.sst/platform/src/components/aws/cognito-user-pool.ts(8,21): error TS1484: 'Prettify' is a type and must be imported using a type-only import when 'verbatimModuleSyntax' is enabled.
.sst/platform/src/components/aws/cognito-user-pool.ts(8,31): error TS1484: 'Transform' is a type and must be imported using a type-only import when 'verbatimModuleSyntax' is enabled.
.sst/platform/src/components/aws/cognito-user-pool.ts(9,10): error TS1484: 'Input' is a type and must be imported using a type-only import when 'verbatimModuleSyntax' is enabled.
.sst/platform/src/components/aws/cognito-user-pool.ts(11,10): error TS1484: 'Dns' is a type and must be imported using a type-only import when 'verbatimModuleSyntax' is enabled.
.sst/platform/src/components/aws/cognito-user-pool.ts(14,20): error TS1484: 'FunctionArgs' is a type and must be imported using a type-only import when 'verbatimModuleSyntax' is enabled.
.sst/platform/src/components/aws/cognito-user-pool.ts(14,34): error TS1484: 'FunctionArn' is a type and must be imported using a type-only import when 'verbatimModuleSyntax' is enabled.
.sst/platform/src/components/aws/cron-v2.ts(1,15): error TS1484: 'ComponentResourceOptions' is a type and must be imported using a type-only import when 'verbatimModuleSyntax' is enabled.
.sst/platform/src/components/aws/cron-v2.ts(2,21): error TS1484: 'Transform' is a type and must be imported using a type-only import when 'verbatimModuleSyntax' is enabled.
.sst/platform/src/components/aws/cron-v2.ts(3,10): error TS1484: 'FunctionArgs' is a type and must be imported using a type-only import when 'verbatimModuleSyntax' is enabled.
.sst/platform/src/components/aws/cron-v2.ts(3,24): error TS1484: 'FunctionArn' is a type and must be imported using a type-only import when 'verbatimModuleSyntax' is enabled.
.sst/platform/src/components/aws/cron-v2.ts(4,10): error TS1484: 'Input' is a type and must be imported using a type-only import when 'verbatimModuleSyntax' is enabled.
.sst/platform/src/components/aws/cron-v2.ts(6,27): error TS1484: 'FunctionBuilder' is a type and must be imported using a type-only import when 'verbatimModuleSyntax' is enabled.
.sst/platform/src/components/aws/cron.ts(1,15): error TS1484: 'ComponentResourceOptions' is a type and must be imported using a type-only import when 'verbatimModuleSyntax' is enabled.
.sst/platform/src/components/aws/cron.ts(2,21): error TS1484: 'Transform' is a type and must be imported using a type-only import when 'verbatimModuleSyntax' is enabled.
.sst/platform/src/components/aws/cron.ts(3,10): error TS1484: 'FunctionArgs' is a type and must be imported using a type-only import when 'verbatimModuleSyntax' is enabled.
.sst/platform/src/components/aws/cron.ts(3,24): error TS1484: 'FunctionArn' is a type and must be imported using a type-only import when 'verbatimModuleSyntax' is enabled.
.sst/platform/src/components/aws/cron.ts(4,10): error TS1484: 'Input' is a type and must be imported using a type-only import when 'verbatimModuleSyntax' is enabled.
.sst/platform/src/components/aws/cron.ts(6,27): error TS1484: 'FunctionBuilder' is a type and must be imported using a type-only import when 'verbatimModuleSyntax' is enabled.
.sst/platform/src/components/aws/dns-validated-certificate.ts(1,10): error TS1484: 'ComponentResourceOptions' is a type and must be imported using a type-only import when 'verbatimModuleSyntax' is enabled.
.sst/platform/src/components/aws/dns-validated-certificate.ts(3,10): error TS1484: 'Input' is a type and must be imported using a type-only import when 'verbatimModuleSyntax' is enabled.
.sst/platform/src/components/aws/dns-validated-certificate.ts(4,10): error TS1484: 'Dns' is a type and must be imported using a type-only import when 'verbatimModuleSyntax' is enabled.
.sst/platform/src/components/aws/dns.ts(34,10): error TS1484: 'AliasRecord' is a type and must be imported using a type-only import when 'verbatimModuleSyntax' is enabled.
.sst/platform/src/components/aws/dns.ts(34,23): error TS1484: 'Dns' is a type and must be imported using a type-only import when 'verbatimModuleSyntax' is enabled.
.sst/platform/src/components/aws/dns.ts(34,28): error TS1484: 'Record' is a type and must be imported using a type-only import when 'verbatimModuleSyntax' is enabled.
.sst/platform/src/components/aws/dns.ts(37,10): error TS1484: 'ComponentResourceOptions' is a type and must be imported using a type-only import when 'verbatimModuleSyntax' is enabled.
.sst/platform/src/components/aws/dns.ts(38,10): error TS1484: 'Transform' is a type and must be imported using a type-only import when 'verbatimModuleSyntax' is enabled.
.sst/platform/src/components/aws/dns.ts(39,10): error TS1484: 'Input' is a type and must be imported using a type-only import when 'verbatimModuleSyntax' is enabled.
.sst/platform/src/components/aws/dsql.ts(1,15): error TS1484: 'ComponentResourceOptions' is a type and must be imported using a type-only import when 'verbatimModuleSyntax' is enabled.
.sst/platform/src/components/aws/dsql.ts(2,32): error TS1484: 'Transform' is a type and must be imported using a type-only import when 'verbatimModuleSyntax' is enabled.
.sst/platform/src/components/aws/dynamo-lambda-subscriber.ts(1,10): error TS1484: 'ComponentResourceOptions' is a type and must be imported using a type-only import when 'verbatimModuleSyntax' is enabled.
.sst/platform/src/components/aws/dynamo-lambda-subscriber.ts(1,36): error TS1484: 'Input' is a type and must be imported using a type-only import when 'verbatimModuleSyntax' is enabled.
.sst/platform/src/components/aws/dynamo-lambda-subscriber.ts(3,10): error TS1484: 'FunctionArgs' is a type and must be imported using a type-only import when 'verbatimModuleSyntax' is enabled.
.sst/platform/src/components/aws/dynamo-lambda-subscriber.ts(4,10): error TS1484: 'DynamoSubscriberArgs' is a type and must be imported using a type-only import when 'verbatimModuleSyntax' is enabled.
.sst/platform/src/components/aws/dynamo-lambda-subscriber.ts(6,10): error TS1484: 'FunctionBuilder' is a type and must be imported using a type-only import when 'verbatimModuleSyntax' is enabled.
.sst/platform/src/components/aws/dynamo.ts(2,3): error TS1484: 'ComponentResourceOptions' is a type and must be imported using a type-only import when 'verbatimModuleSyntax' is enabled.
.sst/platform/src/components/aws/dynamo.ts(8,31): error TS1484: 'Transform' is a type and must be imported using a type-only import when 'verbatimModuleSyntax' is enabled.
.sst/platform/src/components/aws/dynamo.ts(11,10): error TS1484: 'FunctionArgs' is a type and must be imported using a type-only import when 'verbatimModuleSyntax' is enabled.
.sst/platform/src/components/aws/dynamo.ts(11,24): error TS1484: 'FunctionArn' is a type and must be imported using a type-only import when 'verbatimModuleSyntax' is enabled.
.sst/platform/src/components/aws/efs.ts(1,15): error TS1484: 'ComponentResourceOptions' is a type and must be imported using a type-only import when 'verbatimModuleSyntax' is enabled.
.sst/platform/src/components/aws/efs.ts(2,21): error TS1484: 'Transform' is a type and must be imported using a type-only import when 'verbatimModuleSyntax' is enabled.
.sst/platform/src/components/aws/efs.ts(3,10): error TS1484: 'Input' is a type and must be imported using a type-only import when 'verbatimModuleSyntax' is enabled.
.sst/platform/src/components/aws/efs.ts(396,7): error TS2345: Argument of type 'Output<string | undefined>' is not assignable to parameter of type 'Input<string>'.
  Type 'OutputInstance<string | undefined>' is not assignable to type 'Input<string>'.
    Type 'OutputInstance<string | undefined>' is not assignable to type 'OutputInstance<string>'.
      Type 'string | undefined' is not assignable to type 'string'.
        Type 'undefined' is not assignable to type 'string'.
.sst/platform/src/components/aws/email.ts(2,3): error TS1484: 'ComponentResourceOptions' is a type and must be imported using a type-only import when 'verbatimModuleSyntax' is enabled.
.sst/platform/src/components/aws/email.ts(8,21): error TS1484: 'Prettify' is a type and must be imported using a type-only import when 'verbatimModuleSyntax' is enabled.
.sst/platform/src/components/aws/email.ts(8,31): error TS1484: 'Transform' is a type and must be imported using a type-only import when 'verbatimModuleSyntax' is enabled.
.sst/platform/src/components/aws/email.ts(10,10): error TS1484: 'Input' is a type and must be imported using a type-only import when 'verbatimModuleSyntax' is enabled.
.sst/platform/src/components/aws/email.ts(11,10): error TS1484: 'Dns' is a type and must be imported using a type-only import when 'verbatimModuleSyntax' is enabled.
.sst/platform/src/components/aws/fargate.ts(3,10): error TS1484: 'ComponentResourceOptions' is a type and must be imported using a type-only import when 'verbatimModuleSyntax' is enabled.
.sst/platform/src/components/aws/fargate.ts(5,10): error TS1484: 'Input' is a type and must be imported using a type-only import when 'verbatimModuleSyntax' is enabled.
.sst/platform/src/components/aws/fargate.ts(7,10): error TS1484: 'FunctionArgs' is a type and must be imported using a type-only import when 'verbatimModuleSyntax' is enabled.
.sst/platform/src/components/aws/fargate.ts(11,10): error TS1484: 'ServiceArgs' is a type and must be imported using a type-only import when 'verbatimModuleSyntax' is enabled.
.sst/platform/src/components/aws/fargate.ts(12,10): error TS1484: 'ImageArgs' is a type and must be imported using a type-only import when 'verbatimModuleSyntax' is enabled.
.sst/platform/src/components/aws/fargate.ts(13,21): error TS1484: 'Transform' is a type and must be imported using a type-only import when 'verbatimModuleSyntax' is enabled.
.sst/platform/src/components/aws/fargate.ts(24,10): error TS1484: 'Permission' is a type and must be imported using a type-only import when 'verbatimModuleSyntax' is enabled.
.sst/platform/src/components/aws/function.ts(11,3): error TS1484: 'ComponentResourceOptions' is a type and must be imported using a type-only import when 'verbatimModuleSyntax' is enabled.
.sst/platform/src/components/aws/function.ts(20,10): error TS1484: 'Duration' is a type and must be imported using a type-only import when 'verbatimModuleSyntax' is enabled.
.sst/platform/src/components/aws/function.ts(20,20): error TS1484: 'DurationDays' is a type and must be imported using a type-only import when 'verbatimModuleSyntax' is enabled.
.sst/platform/src/components/aws/function.ts(20,34): error TS1484: 'DurationMinutes' is a type and must be imported using a type-only import when 'verbatimModuleSyntax' is enabled.
.sst/platform/src/components/aws/function.ts(21,10): error TS1484: 'Size' is a type and must be imported using a type-only import when 'verbatimModuleSyntax' is enabled.
.sst/platform/src/components/aws/function.ts(22,21): error TS1484: 'Prettify' is a type and must be imported using a type-only import when 'verbatimModuleSyntax' is enabled.
.sst/platform/src/components/aws/function.ts(22,31): error TS1484: 'Transform' is a type and must be imported using a type-only import when 'verbatimModuleSyntax' is enabled.
.sst/platform/src/components/aws/function.ts(39,10): error TS1484: 'Permission' is a type and must be imported using a type-only import when 'verbatimModuleSyntax' is enabled.
.sst/platform/src/components/aws/function.ts(51,3): error TS1484: 'RouterRouteArgs' is a type and must be imported using a type-only import when 'verbatimModuleSyntax' is enabled.
.sst/platform/src/components/aws/function.ts(52,3): error TS1484: 'RouterRouteArgsDeprecated' is a type and must be imported using a type-only import when 'verbatimModuleSyntax' is enabled.
.sst/platform/src/components/aws/function.ts(2495,25): error TS2345: Argument of type 'NonSharedBuffer' is not assignable to parameter of type 'BinaryLike'.
  Type 'Buffer<ArrayBuffer>' is not assignable to type 'Uint8Array<ArrayBufferLike> | DataView<ArrayBufferLike>'.
    Type 'Buffer<ArrayBuffer>' is not assignable to type 'Uint8Array<ArrayBufferLike>'.
      The types returned by 'slice(...).entries()' are incompatible between these types.
        Type 'IterableIterator<[number, number]>' is missing the following properties from type 'ArrayIterator<[number, number]>': map, filter, take, drop, and 9 more.
.sst/platform/src/components/aws/helpers/apigateway-account.ts(3,3): error TS1484: 'ComponentResourceOptions' is a type and must be imported using a type-only import when 'verbatimModuleSyntax' is enabled.
.sst/platform/src/components/aws/helpers/apigatewayv2-domain.ts(1,10): error TS1484: 'Input' is a type and must be imported using a type-only import when 'verbatimModuleSyntax' is enabled.
.sst/platform/src/components/aws/helpers/apigatewayv2-domain.ts(2,10): error TS1484: 'Dns' is a type and must be imported using a type-only import when 'verbatimModuleSyntax' is enabled.
.sst/platform/src/components/aws/helpers/container-builder.ts(1,18): error TS1484: 'ComponentResourceOptions' is a type and must be imported using a type-only import when 'verbatimModuleSyntax' is enabled.
.sst/platform/src/components/aws/helpers/container-builder.ts(3,17): error TS1484: 'ImageArgs' is a type and must be imported using a type-only import when 'verbatimModuleSyntax' is enabled.
.sst/platform/src/components/aws/helpers/function-builder.ts(3,3): error TS1484: 'ComponentResourceOptions' is a type and must be imported using a type-only import when 'verbatimModuleSyntax' is enabled.
.sst/platform/src/components/aws/helpers/function-builder.ts(4,3): error TS1484: 'Input' is a type and must be imported using a type-only import when 'verbatimModuleSyntax' is enabled.
.sst/platform/src/components/aws/helpers/function-builder.ts(8,20): error TS1484: 'FunctionArn' is a type and must be imported using a type-only import when 'verbatimModuleSyntax' is enabled.
.sst/platform/src/components/aws/helpers/function-builder.ts(8,33): error TS1484: 'FunctionArgs' is a type and must be imported using a type-only import when 'verbatimModuleSyntax' is enabled.
.sst/platform/src/components/aws/helpers/function-builder.ts(9,21): error TS1484: 'Transform' is a type and must be imported using a type-only import when 'verbatimModuleSyntax' is enabled.
.sst/platform/src/components/aws/helpers/provider.ts(25,14): error TS2538: Type 'undefined' cannot be used as an index type.
.sst/platform/src/components/aws/helpers/provider.ts(25,33): error TS2345: Argument of type 'string | undefined' is not assignable to parameter of type 'string'.
  Type 'undefined' is not assignable to type 'string'.
.sst/platform/src/components/aws/helpers/provider.ts(27,14): error TS2538: Type 'undefined' cannot be used as an index type.
.sst/platform/src/components/aws/helpers/site-builder.ts(1,23): error TS1484: 'CustomResourceOptions' is a type and must be imported using a type-only import when 'verbatimModuleSyntax' is enabled.
.sst/platform/src/components/aws/helpers/subscriber.ts(1,10): error TS1484: 'Input' is a type and must be imported using a type-only import when 'verbatimModuleSyntax' is enabled.
.sst/platform/src/components/aws/helpers/subscriber.ts(2,10): error TS1484: 'FunctionArgs' is a type and must be imported using a type-only import when 'verbatimModuleSyntax' is enabled.
.sst/platform/src/components/aws/helpers/subscriber.ts(2,24): error TS1484: 'FunctionArn' is a type and must be imported using a type-only import when 'verbatimModuleSyntax' is enabled.
.sst/platform/src/components/aws/https-redirect.ts(1,10): error TS1484: 'ComponentResourceOptions' is a type and must be imported using a type-only import when 'verbatimModuleSyntax' is enabled.
.sst/platform/src/components/aws/https-redirect.ts(7,10): error TS1484: 'Input' is a type and must be imported using a type-only import when 'verbatimModuleSyntax' is enabled.
.sst/platform/src/components/aws/https-redirect.ts(8,10): error TS1484: 'Dns' is a type and must be imported using a type-only import when 'verbatimModuleSyntax' is enabled.
.sst/platform/src/components/aws/https-redirect.ts(73,11): error TS2322: Type 'Output<string | undefined>' is not assignable to type 'Input<string>'.
  Type 'OutputInstance<string | undefined>' is not assignable to type 'Input<string>'.
    Type 'OutputInstance<string | undefined>' is not assignable to type 'OutputInstance<string>'.
      Type 'string | undefined' is not assignable to type 'string'.
        Type 'undefined' is not assignable to type 'string'.
.sst/platform/src/components/aws/iam-edit.ts(1,10): error TS1484: 'Input' is a type and must be imported using a type-only import when 'verbatimModuleSyntax' is enabled.
.sst/platform/src/components/aws/iam-edit.ts(1,40): error TS1484: 'UnwrappedObject' is a type and must be imported using a type-only import when 'verbatimModuleSyntax' is enabled.
.sst/platform/src/components/aws/iam-edit.ts(3,10): error TS1484: 'Prettify' is a type and must be imported using a type-only import when 'verbatimModuleSyntax' is enabled.
.sst/platform/src/components/aws/kinesis-stream-lambda-subscriber.ts(4,10): error TS1484: 'Input' is a type and must be imported using a type-only import when 'verbatimModuleSyntax' is enabled.
.sst/platform/src/components/aws/kinesis-stream-lambda-subscriber.ts(5,10): error TS1484: 'FunctionArgs' is a type and must be imported using a type-only import when 'verbatimModuleSyntax' is enabled.
.sst/platform/src/components/aws/kinesis-stream-lambda-subscriber.ts(6,10): error TS1484: 'KinesisStreamLambdaSubscriberArgs' is a type and must be imported using a type-only import when 'verbatimModuleSyntax' is enabled.
.sst/platform/src/components/aws/kinesis-stream-lambda-subscriber.ts(7,10): error TS1484: 'FunctionBuilder' is a type and must be imported using a type-only import when 'verbatimModuleSyntax' is enabled.
.sst/platform/src/components/aws/kinesis-stream.ts(1,10): error TS1484: 'ComponentResourceOptions' is a type and must be imported using a type-only import when 'verbatimModuleSyntax' is enabled.
.sst/platform/src/components/aws/kinesis-stream.ts(3,21): error TS1484: 'Transform' is a type and must be imported using a type-only import when 'verbatimModuleSyntax' is enabled.
.sst/platform/src/components/aws/kinesis-stream.ts(4,10): error TS1484: 'Input' is a type and must be imported using a type-only import when 'verbatimModuleSyntax' is enabled.
.sst/platform/src/components/aws/kinesis-stream.ts(7,10): error TS1484: 'FunctionArgs' is a type and must be imported using a type-only import when 'verbatimModuleSyntax' is enabled.
.sst/platform/src/components/aws/kinesis-stream.ts(7,24): error TS1484: 'FunctionArn' is a type and must be imported using a type-only import when 'verbatimModuleSyntax' is enabled.
.sst/platform/src/components/aws/linkable.ts(2,10): error TS1484: 'FunctionPermissionArgs' is a type and must be imported using a type-only import when 'verbatimModuleSyntax' is enabled.
.sst/platform/src/components/aws/mysql.ts(3,3): error TS1484: 'ComponentResourceOptions' is a type and must be imported using a type-only import when 'verbatimModuleSyntax' is enabled.
.sst/platform/src/components/aws/mysql.ts(9,21): error TS1484: 'Transform' is a type and must be imported using a type-only import when 'verbatimModuleSyntax' is enabled.
.sst/platform/src/components/aws/mysql.ts(11,10): error TS1484: 'Input' is a type and must be imported using a type-only import when 'verbatimModuleSyntax' is enabled.
.sst/platform/src/components/aws/mysql.ts(17,10): error TS1484: 'SizeGbTb' is a type and must be imported using a type-only import when 'verbatimModuleSyntax' is enabled.
.sst/platform/src/components/aws/nextjs.ts(3,10): error TS1484: 'ComponentResourceOptions' is a type and must be imported using a type-only import when 'verbatimModuleSyntax' is enabled.
.sst/platform/src/components/aws/nextjs.ts(4,10): error TS1484: 'Size' is a type and must be imported using a type-only import when 'verbatimModuleSyntax' is enabled.
.sst/platform/src/components/aws/nextjs.ts(5,20): error TS1484: 'FunctionArgs' is a type and must be imported using a type-only import when 'verbatimModuleSyntax' is enabled.
.sst/platform/src/components/aws/nextjs.ts(11,10): error TS1484: 'Plan' is a type and must be imported using a type-only import when 'verbatimModuleSyntax' is enabled.
.sst/platform/src/components/aws/nextjs.ts(11,25): error TS1484: 'SsrSiteArgs' is a type and must be imported using a type-only import when 'verbatimModuleSyntax' is enabled.
.sst/platform/src/components/aws/nextjs.ts(12,18): error TS1484: 'BucketArgs' is a type and must be imported using a type-only import when 'verbatimModuleSyntax' is enabled.
.sst/platform/src/components/aws/nextjs.ts(13,10): error TS1484: 'CdnArgs' is a type and must be imported using a type-only import when 'verbatimModuleSyntax' is enabled.
.sst/platform/src/components/aws/nextjs.ts(14,21): error TS1484: 'Transform' is a type and must be imported using a type-only import when 'verbatimModuleSyntax' is enabled.
.sst/platform/src/components/aws/nextjs.ts(1040,14): error TS4114: This member must have an 'override' modifier because it overrides a member in the base class 'SsrSite'.
.sst/platform/src/components/aws/nextjs.ts(1047,14): error TS4114: This member must have an 'override' modifier because it overrides a member in the base class 'SsrSite'.
.sst/platform/src/components/aws/nuxt.ts(3,10): error TS1484: 'ComponentResourceOptions' is a type and must be imported using a type-only import when 'verbatimModuleSyntax' is enabled.
.sst/platform/src/components/aws/nuxt.ts(4,10): error TS1484: 'Plan' is a type and must be imported using a type-only import when 'verbatimModuleSyntax' is enabled.
.sst/platform/src/components/aws/nuxt.ts(4,25): error TS1484: 'SsrSiteArgs' is a type and must be imported using a type-only import when 'verbatimModuleSyntax' is enabled.
.sst/platform/src/components/aws/nuxt.ts(535,14): error TS4114: This member must have an 'override' modifier because it overrides a member in the base class 'SsrSite'.
.sst/platform/src/components/aws/open-search.ts(2,3): error TS1484: 'ComponentResourceOptions' is a type and must be imported using a type-only import when 'verbatimModuleSyntax' is enabled.
.sst/platform/src/components/aws/open-search.ts(8,29): error TS1484: 'Transform' is a type and must be imported using a type-only import when 'verbatimModuleSyntax' is enabled.
.sst/platform/src/components/aws/open-search.ts(10,10): error TS1484: 'Input' is a type and must be imported using a type-only import when 'verbatimModuleSyntax' is enabled.
.sst/platform/src/components/aws/open-search.ts(14,10): error TS1484: 'SizeGbTb' is a type and must be imported using a type-only import when 'verbatimModuleSyntax' is enabled.
.sst/platform/src/components/aws/opencontrol.ts(1,15): error TS1484: 'ComponentResourceOptions' is a type and must be imported using a type-only import when 'verbatimModuleSyntax' is enabled.
.sst/platform/src/components/aws/opencontrol.ts(4,10): error TS1484: 'FunctionArgs' is a type and must be imported using a type-only import when 'verbatimModuleSyntax' is enabled.
.sst/platform/src/components/aws/opencontrol.ts(6,10): error TS1484: 'Input' is a type and must be imported using a type-only import when 'verbatimModuleSyntax' is enabled.
.sst/platform/src/components/aws/permission.ts(17,10): error TS1484: 'Prettify' is a type and must be imported using a type-only import when 'verbatimModuleSyntax' is enabled.
.sst/platform/src/components/aws/permission.ts(18,10): error TS1484: 'FunctionPermissionArgs' is a type and must be imported using a type-only import when 'verbatimModuleSyntax' is enabled.
.sst/platform/src/components/aws/postgres-v1.ts(2,3): error TS1484: 'ComponentResourceOptions' is a type and must be imported using a type-only import when 'verbatimModuleSyntax' is enabled.
.sst/platform/src/components/aws/postgres-v1.ts(7,21): error TS1484: 'Transform' is a type and must be imported using a type-only import when 'verbatimModuleSyntax' is enabled.
.sst/platform/src/components/aws/postgres-v1.ts(9,10): error TS1484: 'Input' is a type and must be imported using a type-only import when 'verbatimModuleSyntax' is enabled.
.sst/platform/src/components/aws/postgres-v1.ts(16,29): error TS2345: Argument of type 'string | undefined' is not assignable to parameter of type 'string'.
  Type 'undefined' is not assignable to type 'string'.
.sst/platform/src/components/aws/postgres-v1.ts(398,12): error TS2532: Object is possibly 'undefined'.
.sst/platform/src/components/aws/postgres-v1.ts(463,13): error TS2532: Object is possibly 'undefined'.
.sst/platform/src/components/aws/postgres-v1.ts(520,7): error TS2345: Argument of type 'Output<string | undefined>' is not assignable to parameter of type 'Input<string>'.
  Type 'OutputInstance<string | undefined>' is not assignable to type 'Input<string>'.
    Type 'OutputInstance<string | undefined>' is not assignable to type 'OutputInstance<string>'.
      Type 'string | undefined' is not assignable to type 'string'.
        Type 'undefined' is not assignable to type 'string'.
.sst/platform/src/components/aws/postgres.ts(3,3): error TS1484: 'ComponentResourceOptions' is a type and must be imported using a type-only import when 'verbatimModuleSyntax' is enabled.
.sst/platform/src/components/aws/postgres.ts(9,21): error TS1484: 'Transform' is a type and must be imported using a type-only import when 'verbatimModuleSyntax' is enabled.
.sst/platform/src/components/aws/postgres.ts(11,10): error TS1484: 'Input' is a type and must be imported using a type-only import when 'verbatimModuleSyntax' is enabled.
.sst/platform/src/components/aws/postgres.ts(18,10): error TS1484: 'SizeGbTb' is a type and must be imported using a type-only import when 'verbatimModuleSyntax' is enabled.
.sst/platform/src/components/aws/providers/bucket-files.ts(1,10): error TS1484: 'CustomResourceOptions' is a type and must be imported using a type-only import when 'verbatimModuleSyntax' is enabled.
.sst/platform/src/components/aws/providers/bucket-files.ts(1,33): error TS1484: 'Input' is a type and must be imported using a type-only import when 'verbatimModuleSyntax' is enabled.
.sst/platform/src/components/aws/providers/distribution-deployment-waiter.ts(1,10): error TS1484: 'CustomResourceOptions' is a type and must be imported using a type-only import when 'verbatimModuleSyntax' is enabled.
.sst/platform/src/components/aws/providers/distribution-deployment-waiter.ts(1,33): error TS1484: 'Input' is a type and must be imported using a type-only import when 'verbatimModuleSyntax' is enabled.
.sst/platform/src/components/aws/providers/distribution-invalidation.ts(1,10): error TS1484: 'CustomResourceOptions' is a type and must be imported using a type-only import when 'verbatimModuleSyntax' is enabled.
.sst/platform/src/components/aws/providers/distribution-invalidation.ts(1,33): error TS1484: 'Input' is a type and must be imported using a type-only import when 'verbatimModuleSyntax' is enabled.
.sst/platform/src/components/aws/providers/function-environment-update.ts(1,10): error TS1484: 'CustomResourceOptions' is a type and must be imported using a type-only import when 'verbatimModuleSyntax' is enabled.
.sst/platform/src/components/aws/providers/function-environment-update.ts(1,33): error TS1484: 'Input' is a type and must be imported using a type-only import when 'verbatimModuleSyntax' is enabled.
.sst/platform/src/components/aws/providers/hosted-zone-lookup.ts(1,10): error TS1484: 'CustomResourceOptions' is a type and must be imported using a type-only import when 'verbatimModuleSyntax' is enabled.
.sst/platform/src/components/aws/providers/hosted-zone-lookup.ts(1,33): error TS1484: 'Input' is a type and must be imported using a type-only import when 'verbatimModuleSyntax' is enabled.
.sst/platform/src/components/aws/providers/kv-keys.ts(1,10): error TS1484: 'CustomResourceOptions' is a type and must be imported using a type-only import when 'verbatimModuleSyntax' is enabled.
.sst/platform/src/components/aws/providers/kv-keys.ts(1,33): error TS1484: 'Input' is a type and must be imported using a type-only import when 'verbatimModuleSyntax' is enabled.
.sst/platform/src/components/aws/providers/kv-routes-update.ts(1,10): error TS1484: 'CustomResourceOptions' is a type and must be imported using a type-only import when 'verbatimModuleSyntax' is enabled.
.sst/platform/src/components/aws/providers/kv-routes-update.ts(1,33): error TS1484: 'Input' is a type and must be imported using a type-only import when 'verbatimModuleSyntax' is enabled.
.sst/platform/src/components/aws/providers/origin-access-control.ts(1,10): error TS1484: 'CustomResourceOptions' is a type and must be imported using a type-only import when 'verbatimModuleSyntax' is enabled.
.sst/platform/src/components/aws/providers/origin-access-control.ts(1,42): error TS1484: 'Input' is a type and must be imported using a type-only import when 'verbatimModuleSyntax' is enabled.
.sst/platform/src/components/aws/providers/rds-role-lookup.ts(1,10): error TS1484: 'CustomResourceOptions' is a type and must be imported using a type-only import when 'verbatimModuleSyntax' is enabled.
.sst/platform/src/components/aws/providers/rds-role-lookup.ts(1,33): error TS1484: 'Input' is a type and must be imported using a type-only import when 'verbatimModuleSyntax' is enabled.
.sst/platform/src/components/aws/providers/vector-table.ts(1,10): error TS1484: 'CustomResourceOptions' is a type and must be imported using a type-only import when 'verbatimModuleSyntax' is enabled.
.sst/platform/src/components/aws/providers/vector-table.ts(1,33): error TS1484: 'Input' is a type and must be imported using a type-only import when 'verbatimModuleSyntax' is enabled.
.sst/platform/src/components/aws/queue-lambda-subscriber.ts(2,3): error TS1484: 'ComponentResourceOptions' is a type and must be imported using a type-only import when 'verbatimModuleSyntax' is enabled.
.sst/platform/src/components/aws/queue-lambda-subscriber.ts(3,3): error TS1484: 'Input' is a type and must be imported using a type-only import when 'verbatimModuleSyntax' is enabled.
.sst/platform/src/components/aws/queue-lambda-subscriber.ts(7,32): error TS1484: 'Transform' is a type and must be imported using a type-only import when 'verbatimModuleSyntax' is enabled.
.sst/platform/src/components/aws/queue-lambda-subscriber.ts(8,20): error TS1484: 'FunctionArgs' is a type and must be imported using a type-only import when 'verbatimModuleSyntax' is enabled.
.sst/platform/src/components/aws/queue-lambda-subscriber.ts(9,10): error TS1484: 'QueueSubscriberArgs' is a type and must be imported using a type-only import when 'verbatimModuleSyntax' is enabled.
.sst/platform/src/components/aws/queue-lambda-subscriber.ts(12,10): error TS1484: 'FunctionBuilder' is a type and must be imported using a type-only import when 'verbatimModuleSyntax' is enabled.
.sst/platform/src/components/aws/queue.ts(2,3): error TS1484: 'ComponentResourceOptions' is a type and must be imported using a type-only import when 'verbatimModuleSyntax' is enabled.
.sst/platform/src/components/aws/queue.ts(8,21): error TS1484: 'Transform' is a type and must be imported using a type-only import when 'verbatimModuleSyntax' is enabled.
.sst/platform/src/components/aws/queue.ts(11,10): error TS1484: 'FunctionArgs' is a type and must be imported using a type-only import when 'verbatimModuleSyntax' is enabled.
.sst/platform/src/components/aws/queue.ts(11,24): error TS1484: 'FunctionArn' is a type and must be imported using a type-only import when 'verbatimModuleSyntax' is enabled.
.sst/platform/src/components/aws/queue.ts(17,10): error TS1484: 'DurationHours' is a type and must be imported using a type-only import when 'verbatimModuleSyntax' is enabled.
.sst/platform/src/components/aws/queue.ts(17,25): error TS1484: 'DurationMinutes' is a type and must be imported using a type-only import when 'verbatimModuleSyntax' is enabled.
.sst/platform/src/components/aws/react.ts(3,10): error TS1484: 'ComponentResourceOptions' is a type and must be imported using a type-only import when 'verbatimModuleSyntax' is enabled.
.sst/platform/src/components/aws/react.ts(4,10): error TS1484: 'Plan' is a type and must be imported using a type-only import when 'verbatimModuleSyntax' is enabled.
.sst/platform/src/components/aws/react.ts(4,25): error TS1484: 'SsrSiteArgs' is a type and must be imported using a type-only import when 'verbatimModuleSyntax' is enabled.
.sst/platform/src/components/aws/react.ts(512,14): error TS4114: This member must have an 'override' modifier because it overrides a member in the base class 'SsrSite'.
.sst/platform/src/components/aws/realtime-lambda-subscriber.ts(2,3): error TS1484: 'ComponentResourceOptions' is a type and must be imported using a type-only import when 'verbatimModuleSyntax' is enabled.
.sst/platform/src/components/aws/realtime-lambda-subscriber.ts(3,3): error TS1484: 'Input' is a type and must be imported using a type-only import when 'verbatimModuleSyntax' is enabled.
.sst/platform/src/components/aws/realtime-lambda-subscriber.ts(9,20): error TS1484: 'FunctionArgs' is a type and must be imported using a type-only import when 'verbatimModuleSyntax' is enabled.
.sst/platform/src/components/aws/realtime-lambda-subscriber.ts(10,10): error TS1484: 'RealtimeSubscriberArgs' is a type and must be imported using a type-only import when 'verbatimModuleSyntax' is enabled.
.sst/platform/src/components/aws/realtime-lambda-subscriber.ts(13,10): error TS1484: 'FunctionBuilder' is a type and must be imported using a type-only import when 'verbatimModuleSyntax' is enabled.
.sst/platform/src/components/aws/realtime.ts(1,10): error TS1484: 'ComponentResourceOptions' is a type and must be imported using a type-only import when 'verbatimModuleSyntax' is enabled.
.sst/platform/src/components/aws/realtime.ts(2,21): error TS1484: 'Transform' is a type and must be imported using a type-only import when 'verbatimModuleSyntax' is enabled.
.sst/platform/src/components/aws/realtime.ts(5,20): error TS1484: 'FunctionArgs' is a type and must be imported using a type-only import when 'verbatimModuleSyntax' is enabled.
.sst/platform/src/components/aws/realtime.ts(5,34): error TS1484: 'FunctionArn' is a type and must be imported using a type-only import when 'verbatimModuleSyntax' is enabled.
.sst/platform/src/components/aws/redis-v1.ts(3,3): error TS1484: 'ComponentResourceOptions' is a type and must be imported using a type-only import when 'verbatimModuleSyntax' is enabled.
.sst/platform/src/components/aws/redis-v1.ts(10,21): error TS1484: 'Transform' is a type and must be imported using a type-only import when 'verbatimModuleSyntax' is enabled.
.sst/platform/src/components/aws/redis-v1.ts(12,10): error TS1484: 'Input' is a type and must be imported using a type-only import when 'verbatimModuleSyntax' is enabled.
.sst/platform/src/components/aws/redis.ts(3,3): error TS1484: 'ComponentResourceOptions' is a type and must be imported using a type-only import when 'verbatimModuleSyntax' is enabled.
.sst/platform/src/components/aws/redis.ts(10,21): error TS1484: 'Transform' is a type and must be imported using a type-only import when 'verbatimModuleSyntax' is enabled.
.sst/platform/src/components/aws/redis.ts(12,10): error TS1484: 'Input' is a type and must be imported using a type-only import when 'verbatimModuleSyntax' is enabled.
.sst/platform/src/components/aws/remix.ts(3,10): error TS1484: 'ComponentResourceOptions' is a type and must be imported using a type-only import when 'verbatimModuleSyntax' is enabled.
.sst/platform/src/components/aws/remix.ts(6,10): error TS1484: 'Plan' is a type and must be imported using a type-only import when 'verbatimModuleSyntax' is enabled.
.sst/platform/src/components/aws/remix.ts(6,25): error TS1484: 'SsrSiteArgs' is a type and must be imported using a type-only import when 'verbatimModuleSyntax' is enabled.
.sst/platform/src/components/aws/remix.ts(584,14): error TS4114: This member must have an 'override' modifier because it overrides a member in the base class 'SsrSite'.
.sst/platform/src/components/aws/router-base-route.ts(2,10): error TS1484: 'Input' is a type and must be imported using a type-only import when 'verbatimModuleSyntax' is enabled.
.sst/platform/src/components/aws/router-base-route.ts(25,11): error TS18048: 'host' is possibly 'undefined'.
.sst/platform/src/components/aws/router-bucket-route.ts(1,10): error TS1484: 'ComponentResourceOptions' is a type and must be imported using a type-only import when 'verbatimModuleSyntax' is enabled.
.sst/platform/src/components/aws/router-bucket-route.ts(1,36): error TS1484: 'Input' is a type and must be imported using a type-only import when 'verbatimModuleSyntax' is enabled.
.sst/platform/src/components/aws/router-bucket-route.ts(7,3): error TS1484: 'RouterBaseRouteArgs' is a type and must be imported using a type-only import when 'verbatimModuleSyntax' is enabled.
.sst/platform/src/components/aws/router-bucket-route.ts(11,10): error TS1484: 'RouterBucketRouteArgs' is a type and must be imported using a type-only import when 'verbatimModuleSyntax' is enabled.
.sst/platform/src/components/aws/router-url-route.ts(1,10): error TS1484: 'ComponentResourceOptions' is a type and must be imported using a type-only import when 'verbatimModuleSyntax' is enabled.
.sst/platform/src/components/aws/router-url-route.ts(1,36): error TS1484: 'Input' is a type and must be imported using a type-only import when 'verbatimModuleSyntax' is enabled.
.sst/platform/src/components/aws/router-url-route.ts(7,3): error TS1484: 'RouterBaseRouteArgs' is a type and must be imported using a type-only import when 'verbatimModuleSyntax' is enabled.
.sst/platform/src/components/aws/router-url-route.ts(10,10): error TS1484: 'RouterUrlRouteArgs' is a type and must be imported using a type-only import when 'verbatimModuleSyntax' is enabled.
.sst/platform/src/components/aws/router.ts(3,3): error TS1484: 'ComponentResourceOptions' is a type and must be imported using a type-only import when 'verbatimModuleSyntax' is enabled.
.sst/platform/src/components/aws/router.ts(12,21): error TS1484: 'Transform' is a type and must be imported using a type-only import when 'verbatimModuleSyntax' is enabled.
.sst/platform/src/components/aws/router.ts(15,15): error TS1484: 'CdnArgs' is a type and must be imported using a type-only import when 'verbatimModuleSyntax' is enabled.
.sst/platform/src/components/aws/router.ts(24,10): error TS1484: 'DurationSeconds' is a type and must be imported using a type-only import when 'verbatimModuleSyntax' is enabled.
.sst/platform/src/components/aws/router.ts(25,10): error TS1484: 'FunctionArn' is a type and must be imported using a type-only import when 'verbatimModuleSyntax' is enabled.
.sst/platform/src/components/aws/router.ts(27,10): error TS1484: 'Size' is a type and must be imported using a type-only import when 'verbatimModuleSyntax' is enabled.
.sst/platform/src/components/aws/router.ts(1390,7): error TS2322: Type 'Output<string | undefined>' is not assignable to type 'Output<string> | undefined'.
  Type 'OutputInstance<string | undefined>' is not assignable to type 'Output<string>'.
    Type 'OutputInstance<string | undefined>' is not assignable to type 'OutputInstance<string>'.
      Type 'string | undefined' is not assignable to type 'string'.
        Type 'undefined' is not assignable to type 'string'.
.sst/platform/src/components/aws/router.ts(1391,7): error TS2322: Type 'Output<string | undefined>' is not assignable to type 'Output<string> | undefined'.
  Type 'OutputInstance<string | undefined>' is not assignable to type 'Output<string>'.
    Type 'OutputInstance<string | undefined>' is not assignable to type 'OutputInstance<string>'.
      Type 'string | undefined' is not assignable to type 'string'.
        Type 'undefined' is not assignable to type 'string'.
.sst/platform/src/components/aws/service-v1.ts(4,3): error TS1484: 'ComponentResourceOptions' is a type and must be imported using a type-only import when 'verbatimModuleSyntax' is enabled.
.sst/platform/src/components/aws/service-v1.ts(5,3): error TS1484: 'Input' is a type and must be imported using a type-only import when 'verbatimModuleSyntax' is enabled.
.sst/platform/src/components/aws/service-v1.ts(22,3): error TS1484: 'ClusterArgs' is a type and must be imported using a type-only import when 'verbatimModuleSyntax' is enabled.
.sst/platform/src/components/aws/service-v1.ts(23,3): error TS1484: 'ClusterServiceArgs' is a type and must be imported using a type-only import when 'verbatimModuleSyntax' is enabled.
.sst/platform/src/components/aws/service-v1.ts(40,10): error TS1484: 'Permission' is a type and must be imported using a type-only import when 'verbatimModuleSyntax' is enabled.
.sst/platform/src/components/aws/service-v1.ts(253,34): error TS2345: Argument of type 'string | undefined' is not assignable to parameter of type 'string'.
  Type 'undefined' is not assignable to type 'string'.
.sst/platform/src/components/aws/service-v1.ts(255,35): error TS2345: Argument of type 'string | undefined' is not assignable to parameter of type 'string'.
  Type 'undefined' is not assignable to type 'string'.
.sst/platform/src/components/aws/service-v1.ts(263,40): error TS2345: Argument of type 'string | undefined' is not assignable to parameter of type 'string'.
  Type 'undefined' is not assignable to type 'string'.
.sst/platform/src/components/aws/service-v1.ts(264,40): error TS2345: Argument of type 'string | undefined' is not assignable to parameter of type 'string'.
  Type 'undefined' is not assignable to type 'string'.
.sst/platform/src/components/aws/service-v1.ts(273,41): error TS2345: Argument of type 'string | undefined' is not assignable to parameter of type 'string'.
  Type 'undefined' is not assignable to type 'string'.
.sst/platform/src/components/aws/service-v1.ts(275,55): error TS18048: 'port.listenProtocol' is possibly 'undefined'.
.sst/platform/src/components/aws/service-v1.ts(409,15): error TS2532: Object is possibly 'undefined'.
.sst/platform/src/components/aws/service-v1.ts(409,15): error TS2532: Object is possibly 'undefined'.
.sst/platform/src/components/aws/service-v1.ts(426,35): error TS18048: 'port.forwardProtocol' is possibly 'undefined'.
.sst/platform/src/components/aws/service-v1.ts(454,34): error TS18048: 'port.listenProtocol' is possibly 'undefined'.
.sst/platform/src/components/aws/service.ts(2,3): error TS1484: 'ComponentResourceOptions' is a type and must be imported using a type-only import when 'verbatimModuleSyntax' is enabled.
.sst/platform/src/components/aws/service.ts(8,21): error TS1484: 'Prettify' is a type and must be imported using a type-only import when 'verbatimModuleSyntax' is enabled.
.sst/platform/src/components/aws/service.ts(8,31): error TS1484: 'Transform' is a type and must be imported using a type-only import when 'verbatimModuleSyntax' is enabled.
.sst/platform/src/components/aws/service.ts(25,10): error TS1484: 'DurationMinutes' is a type and must be imported using a type-only import when 'verbatimModuleSyntax' is enabled.
.sst/platform/src/components/aws/service.ts(26,10): error TS1484: 'Input' is a type and must be imported using a type-only import when 'verbatimModuleSyntax' is enabled.
.sst/platform/src/components/aws/service.ts(28,3): error TS1484: 'FargateBaseArgs' is a type and must be imported using a type-only import when 'verbatimModuleSyntax' is enabled.
.sst/platform/src/components/aws/service.ts(29,3): error TS1484: 'FargateContainerArgs' is a type and must be imported using a type-only import when 'verbatimModuleSyntax' is enabled.
.sst/platform/src/components/aws/service.ts(39,10): error TS1484: 'Dns' is a type and must be imported using a type-only import when 'verbatimModuleSyntax' is enabled.
.sst/platform/src/components/aws/service.ts(1971,41): error TS2345: Argument of type 'string | undefined' is not assignable to parameter of type 'string'.
  Type 'undefined' is not assignable to type 'string'.
.sst/platform/src/components/aws/service.ts(1981,30): error TS2345: Argument of type 'string | undefined' is not assignable to parameter of type 'string'.
  Type 'undefined' is not assignable to type 'string'.
.sst/platform/src/components/aws/service.ts(1987,60): error TS2345: Argument of type 'string | undefined' is not assignable to parameter of type 'string'.
  Type 'undefined' is not assignable to type 'string'.
.sst/platform/src/components/aws/service.ts(1991,30): error TS2345: Argument of type 'string | undefined' is not assignable to parameter of type 'string'.
  Type 'undefined' is not assignable to type 'string'.
.sst/platform/src/components/aws/service.ts(2007,58): error TS2345: Argument of type 'string | undefined' is not assignable to parameter of type 'string'.
  Type 'undefined' is not assignable to type 'string'.
.sst/platform/src/components/aws/service.ts(2009,30): error TS2345: Argument of type 'string | undefined' is not assignable to parameter of type 'string'.
  Type 'undefined' is not assignable to type 'string'.
.sst/platform/src/components/aws/service.ts(2009,63): error TS2345: Argument of type 'string | undefined' is not assignable to parameter of type 'string'.
  Type 'undefined' is not assignable to type 'string'.
.sst/platform/src/components/aws/service.ts(2020,41): error TS2532: Object is possibly 'undefined'.
.sst/platform/src/components/aws/service.ts(2026,36): error TS2345: Argument of type 'string | undefined' is not assignable to parameter of type 'string'.
  Type 'undefined' is not assignable to type 'string'.
.sst/platform/src/components/aws/service.ts(2035,43): error TS2345: Argument of type 'string | undefined' is not assignable to parameter of type 'string'.
  Type 'undefined' is not assignable to type 'string'.
.sst/platform/src/components/aws/service.ts(2037,57): error TS18048: 'rule.listenProtocol' is possibly 'undefined'.
.sst/platform/src/components/aws/service.ts(2063,9): error TS2532: Object is possibly 'undefined'.
.sst/platform/src/components/aws/service.ts(2063,9): error TS2532: Object is possibly 'undefined'.
.sst/platform/src/components/aws/service.ts(2089,54): error TS2345: Argument of type 'string | undefined' is not assignable to parameter of type 'string'.
  Type 'undefined' is not assignable to type 'string'.
.sst/platform/src/components/aws/service.ts(2100,58): error TS2345: Argument of type 'string | undefined' is not assignable to parameter of type 'string'.
  Type 'undefined' is not assignable to type 'string'.
.sst/platform/src/components/aws/service.ts(2103,57): error TS2345: Argument of type 'string | undefined' is not assignable to parameter of type 'string'.
  Type 'undefined' is not assignable to type 'string'.
.sst/platform/src/components/aws/service.ts(2173,35): error TS18048: 'r.forwardProtocol' is possibly 'undefined'.
.sst/platform/src/components/aws/service.ts(2219,55): error TS2345: Argument of type 'string | undefined' is not assignable to parameter of type 'string'.
  Type 'undefined' is not assignable to type 'string'.
.sst/platform/src/components/aws/service.ts(2223,13): error TS2322: Type 'TargetGroup | undefined' is not assignable to type 'TargetGroup'.
  Type 'undefined' is not assignable to type 'TargetGroup'.
.sst/platform/src/components/aws/service.ts(2242,36): error TS18048: 'r.listenProtocol' is possibly 'undefined'.
.sst/platform/src/components/aws/service.ts(2251,36): error TS2532: Object is possibly 'undefined'.
.sst/platform/src/components/aws/service.ts(2251,36): error TS2532: Object is possibly 'undefined'.
.sst/platform/src/components/aws/service.ts(2252,32): error TS2532: Object is possibly 'undefined'.
.sst/platform/src/components/aws/service.ts(2273,25): error TS2532: Object is possibly 'undefined'.
.sst/platform/src/components/aws/service.ts(2274,44): error TS18048: 'r.forwardProtocol' is possibly 'undefined'.
.sst/platform/src/components/aws/service.ts(2545,56): error TS18048: 'targetGroup' is possibly 'undefined'.
.sst/platform/src/components/aws/service.ts(2635,40): error TS2532: Object is possibly 'undefined'.
.sst/platform/src/components/aws/service.ts(2654,38): error TS2345: Argument of type 'string | undefined' is not assignable to parameter of type 'string'.
  Type 'undefined' is not assignable to type 'string'.
.sst/platform/src/components/aws/service.ts(2655,33): error TS2532: Object is possibly 'undefined'.
.sst/platform/src/components/aws/service.ts(2709,49): error TS2532: Object is possibly 'undefined'.
.sst/platform/src/components/aws/service.ts(2752,39): error TS2345: Argument of type 'string | undefined' is not assignable to parameter of type 'string'.
  Type 'undefined' is not assignable to type 'string'.
.sst/platform/src/components/aws/service.ts(2756,38): error TS2345: Argument of type 'string | undefined' is not assignable to parameter of type 'string'.
  Type 'undefined' is not assignable to type 'string'.
.sst/platform/src/components/aws/service.ts(2757,33): error TS2532: Object is possibly 'undefined'.
.sst/platform/src/components/aws/service.ts(2769,43): error TS2345: Argument of type 'string | undefined' is not assignable to parameter of type 'string'.
  Type 'undefined' is not assignable to type 'string'.
.sst/platform/src/components/aws/service.ts(2774,30): error TS18048: 'listenerProtocol' is possibly 'undefined'.
.sst/platform/src/components/aws/service.ts(2807,33): error TS18048: 'val' is possibly 'undefined'.
.sst/platform/src/components/aws/service.ts(2808,25): error TS18048: 'val' is possibly 'undefined'.
.sst/platform/src/components/aws/sns-topic-lambda-subscriber.ts(2,3): error TS1484: 'ComponentResourceOptions' is a type and must be imported using a type-only import when 'verbatimModuleSyntax' is enabled.
.sst/platform/src/components/aws/sns-topic-lambda-subscriber.ts(3,3): error TS1484: 'Input' is a type and must be imported using a type-only import when 'verbatimModuleSyntax' is enabled.
.sst/platform/src/components/aws/sns-topic-lambda-subscriber.ts(9,20): error TS1484: 'FunctionArgs' is a type and must be imported using a type-only import when 'verbatimModuleSyntax' is enabled.
.sst/platform/src/components/aws/sns-topic-lambda-subscriber.ts(10,10): error TS1484: 'SnsTopicSubscriberArgs' is a type and must be imported using a type-only import when 'verbatimModuleSyntax' is enabled.
.sst/platform/src/components/aws/sns-topic-lambda-subscriber.ts(12,10): error TS1484: 'FunctionBuilder' is a type and must be imported using a type-only import when 'verbatimModuleSyntax' is enabled.
.sst/platform/src/components/aws/sns-topic-queue-subscriber.ts(2,3): error TS1484: 'ComponentResourceOptions' is a type and must be imported using a type-only import when 'verbatimModuleSyntax' is enabled.
.sst/platform/src/components/aws/sns-topic-queue-subscriber.ts(3,3): error TS1484: 'Input' is a type and must be imported using a type-only import when 'verbatimModuleSyntax' is enabled.
.sst/platform/src/components/aws/sns-topic-queue-subscriber.ts(8,10): error TS1484: 'SnsTopicSubscriberArgs' is a type and must be imported using a type-only import when 'verbatimModuleSyntax' is enabled.
.sst/platform/src/components/aws/sns-topic.ts(1,10): error TS1484: 'ComponentResourceOptions' is a type and must be imported using a type-only import when 'verbatimModuleSyntax' is enabled.
.sst/platform/src/components/aws/sns-topic.ts(2,31): error TS1484: 'Transform' is a type and must be imported using a type-only import when 'verbatimModuleSyntax' is enabled.
.sst/platform/src/components/aws/sns-topic.ts(5,10): error TS1484: 'FunctionArgs' is a type and must be imported using a type-only import when 'verbatimModuleSyntax' is enabled.
.sst/platform/src/components/aws/sns-topic.ts(5,24): error TS1484: 'FunctionArn' is a type and must be imported using a type-only import when 'verbatimModuleSyntax' is enabled.
.sst/platform/src/components/aws/solid-start.ts(3,10): error TS1484: 'ComponentResourceOptions' is a type and must be imported using a type-only import when 'verbatimModuleSyntax' is enabled.
.sst/platform/src/components/aws/solid-start.ts(5,10): error TS1484: 'Plan' is a type and must be imported using a type-only import when 'verbatimModuleSyntax' is enabled.
.sst/platform/src/components/aws/solid-start.ts(5,25): error TS1484: 'SsrSiteArgs' is a type and must be imported using a type-only import when 'verbatimModuleSyntax' is enabled.
.sst/platform/src/components/aws/solid-start.ts(474,14): error TS4114: This member must have an 'override' modifier because it overrides a member in the base class 'SsrSite'.
.sst/platform/src/components/aws/ssr-site.ts(8,3): error TS1484: 'Unwrap' is a type and must be imported using a type-only import when 'verbatimModuleSyntax' is enabled.
.sst/platform/src/components/aws/ssr-site.ts(12,3): error TS1484: 'ComponentResourceOptions' is a type and must be imported using a type-only import when 'verbatimModuleSyntax' is enabled.
.sst/platform/src/components/aws/ssr-site.ts(16,15): error TS1484: 'CdnArgs' is a type and must be imported using a type-only import when 'verbatimModuleSyntax' is enabled.
.sst/platform/src/components/aws/ssr-site.ts(17,20): error TS1484: 'FunctionArgs' is a type and must be imported using a type-only import when 'verbatimModuleSyntax' is enabled.
.sst/platform/src/components/aws/ssr-site.ts(17,34): error TS1484: 'FunctionArn' is a type and must be imported using a type-only import when 'verbatimModuleSyntax' is enabled.
.sst/platform/src/components/aws/ssr-site.ts(19,18): error TS1484: 'BucketArgs' is a type and must be imported using a type-only import when 'verbatimModuleSyntax' is enabled.
.sst/platform/src/components/aws/ssr-site.ts(20,10): error TS1484: 'BucketFile' is a type and must be imported using a type-only import when 'verbatimModuleSyntax' is enabled.
.sst/platform/src/components/aws/ssr-site.ts(22,10): error TS1484: 'Input' is a type and must be imported using a type-only import when 'verbatimModuleSyntax' is enabled.
.sst/platform/src/components/aws/ssr-site.ts(25,3): error TS1484: 'Prettify' is a type and must be imported using a type-only import when 'verbatimModuleSyntax' is enabled.
.sst/platform/src/components/aws/ssr-site.ts(31,10): error TS1484: 'BaseSiteFileOptions' is a type and must be imported using a type-only import when 'verbatimModuleSyntax' is enabled.
.sst/platform/src/components/aws/ssr-site.ts(32,10): error TS1484: 'BaseSsrSiteArgs' is a type and must be imported using a type-only import when 'verbatimModuleSyntax' is enabled.
.sst/platform/src/components/aws/ssr-site.ts(41,3): error TS1484: 'KV_SITE_METADATA' is a type and must be imported using a type-only import when 'verbatimModuleSyntax' is enabled.
.sst/platform/src/components/aws/ssr-site.ts(42,3): error TS1484: 'ProtectionConfig' is a type and must be imported using a type-only import when 'verbatimModuleSyntax' is enabled.
.sst/platform/src/components/aws/ssr-site.ts(43,3): error TS1484: 'RouterRouteArgsDeprecated' is a type and must be imported using a type-only import when 'verbatimModuleSyntax' is enabled.
.sst/platform/src/components/aws/ssr-site.ts(45,3): error TS1484: 'RouterRouteArgs' is a type and must be imported using a type-only import when 'verbatimModuleSyntax' is enabled.
.sst/platform/src/components/aws/ssr-site.ts(48,21): error TS1484: 'DurationSeconds' is a type and must be imported using a type-only import when 'verbatimModuleSyntax' is enabled.
.sst/platform/src/components/aws/ssr-site.ts(49,10): error TS1484: 'Size' is a type and must be imported using a type-only import when 'verbatimModuleSyntax' is enabled.
.sst/platform/src/components/aws/ssr-site.ts(1118,5): error TS2322: Type 'Output<Function | undefined>' is not assignable to type 'Output<Function> | undefined'.
  Type 'OutputInstance<Function | undefined>' is not assignable to type 'Output<Function>'.
    Type 'OutputInstance<Function | undefined>' is not assignable to type 'OutputInstance<Function>'.
      Type 'Function | undefined' is not assignable to type 'Function'.
        Type 'undefined' is not assignable to type 'Function'.
.sst/platform/src/components/aws/ssr-site.ts(1128,24): error TS2339: Property 'arn' does not exist on type 'Output<Function | undefined>'.
  Property 'arn' does not exist on type 'OutputInstance<Function | undefined>'.
.sst/platform/src/components/aws/ssr-site.ts(1772,22): error TS2532: Object is possibly 'undefined'.
.sst/platform/src/components/aws/ssr-site.ts(1772,48): error TS2532: Object is possibly 'undefined'.
.sst/platform/src/components/aws/static-site.ts(5,3): error TS1484: 'ComponentResourceOptions' is a type and must be imported using a type-only import when 'verbatimModuleSyntax' is enabled.
.sst/platform/src/components/aws/static-site.ts(12,15): error TS1484: 'CdnArgs' is a type and must be imported using a type-only import when 'verbatimModuleSyntax' is enabled.
.sst/platform/src/components/aws/static-site.ts(13,18): error TS1484: 'BucketArgs' is a type and must be imported using a type-only import when 'verbatimModuleSyntax' is enabled.
.sst/platform/src/components/aws/static-site.ts(14,21): error TS1484: 'Prettify' is a type and must be imported using a type-only import when 'verbatimModuleSyntax' is enabled.
.sst/platform/src/components/aws/static-site.ts(14,31): error TS1484: 'Transform' is a type and must be imported using a type-only import when 'verbatimModuleSyntax' is enabled.
.sst/platform/src/components/aws/static-site.ts(16,10): error TS1484: 'Input' is a type and must be imported using a type-only import when 'verbatimModuleSyntax' is enabled.
.sst/platform/src/components/aws/static-site.ts(18,10): error TS1484: 'BucketFile' is a type and must be imported using a type-only import when 'verbatimModuleSyntax' is enabled.
.sst/platform/src/components/aws/static-site.ts(19,26): error TS1484: 'BaseSiteDev' is a type and must be imported using a type-only import when 'verbatimModuleSyntax' is enabled.
.sst/platform/src/components/aws/static-site.ts(21,3): error TS1484: 'BaseStaticSiteArgs' is a type and must be imported using a type-only import when 'verbatimModuleSyntax' is enabled.
.sst/platform/src/components/aws/static-site.ts(22,3): error TS1484: 'BaseStaticSiteAssets' is a type and must be imported using a type-only import when 'verbatimModuleSyntax' is enabled.
.sst/platform/src/components/aws/static-site.ts(32,3): error TS1484: 'KV_SITE_METADATA' is a type and must be imported using a type-only import when 'verbatimModuleSyntax' is enabled.
.sst/platform/src/components/aws/static-site.ts(34,3): error TS1484: 'RouterRouteArgs' is a type and must be imported using a type-only import when 'verbatimModuleSyntax' is enabled.
.sst/platform/src/components/aws/static-site.ts(35,3): error TS1484: 'RouterRouteArgsDeprecated' is a type and must be imported using a type-only import when 'verbatimModuleSyntax' is enabled.
.sst/platform/src/components/aws/step-functions.ts(3,3): error TS1484: 'ComponentResourceOptions' is a type and must be imported using a type-only import when 'verbatimModuleSyntax' is enabled.
.sst/platform/src/components/aws/step-functions.ts(7,21): error TS1484: 'Transform' is a type and must be imported using a type-only import when 'verbatimModuleSyntax' is enabled.
.sst/platform/src/components/aws/step-functions.ts(12,18): error TS1484: 'ChoiceArgs' is a type and must be imported using a type-only import when 'verbatimModuleSyntax' is enabled.
.sst/platform/src/components/aws/step-functions.ts(13,16): error TS1484: 'FailArgs' is a type and must be imported using a type-only import when 'verbatimModuleSyntax' is enabled.
.sst/platform/src/components/aws/step-functions.ts(14,15): error TS1484: 'MapArgs' is a type and must be imported using a type-only import when 'verbatimModuleSyntax' is enabled.
.sst/platform/src/components/aws/step-functions.ts(15,20): error TS1484: 'ParallelArgs' is a type and must be imported using a type-only import when 'verbatimModuleSyntax' is enabled.
.sst/platform/src/components/aws/step-functions.ts(16,16): error TS1484: 'PassArgs' is a type and must be imported using a type-only import when 'verbatimModuleSyntax' is enabled.
.sst/platform/src/components/aws/step-functions.ts(17,19): error TS1484: 'SucceedArgs' is a type and must be imported using a type-only import when 'verbatimModuleSyntax' is enabled.
.sst/platform/src/components/aws/step-functions.ts(20,3): error TS1484: 'TaskArgs' is a type and must be imported using a type-only import when 'verbatimModuleSyntax' is enabled.
.sst/platform/src/components/aws/step-functions.ts(21,3): error TS1484: 'LambdaInvokeArgs' is a type and must be imported using a type-only import when 'verbatimModuleSyntax' is enabled.
.sst/platform/src/components/aws/step-functions.ts(22,3): error TS1484: 'SnsPublishArgs' is a type and must be imported using a type-only import when 'verbatimModuleSyntax' is enabled.
.sst/platform/src/components/aws/step-functions.ts(23,3): error TS1484: 'SqsSendMessageArgs' is a type and must be imported using a type-only import when 'verbatimModuleSyntax' is enabled.
.sst/platform/src/components/aws/step-functions.ts(24,3): error TS1484: 'EcsRunTaskArgs' is a type and must be imported using a type-only import when 'verbatimModuleSyntax' is enabled.
.sst/platform/src/components/aws/step-functions.ts(25,3): error TS1484: 'EventBridgePutEventsArgs' is a type and must be imported using a type-only import when 'verbatimModuleSyntax' is enabled.
.sst/platform/src/components/aws/step-functions.ts(27,16): error TS1484: 'WaitArgs' is a type and must be imported using a type-only import when 'verbatimModuleSyntax' is enabled.
.sst/platform/src/components/aws/step-functions.ts(28,10): error TS1484: 'Input' is a type and must be imported using a type-only import when 'verbatimModuleSyntax' is enabled.
.sst/platform/src/components/aws/step-functions/choice.ts(1,21): error TS1484: 'JSONata' is a type and must be imported using a type-only import when 'verbatimModuleSyntax' is enabled.
.sst/platform/src/components/aws/step-functions/choice.ts(1,37): error TS1484: 'StateArgs' is a type and must be imported using a type-only import when 'verbatimModuleSyntax' is enabled.
.sst/platform/src/components/aws/step-functions/choice.ts(23,15): error TS4115: This parameter property must have an 'override' modifier because it overrides a member in base class 'State'.
.sst/platform/src/components/aws/step-functions/choice.ts(68,10): error TS4114: This member must have an 'override' modifier because it overrides a member in the base class 'State'.
.sst/platform/src/components/aws/step-functions/choice.ts(77,10): error TS4114: This member must have an 'override' modifier because it overrides a member in the base class 'State'.
.sst/platform/src/components/aws/step-functions/choice.ts(89,10): error TS4114: This member must have an 'override' modifier because it overrides a member in the base class 'State'.
.sst/platform/src/components/aws/step-functions/choice.ts(100,10): error TS4114: This member must have an 'override' modifier because it overrides a member in the base class 'State'.
.sst/platform/src/components/aws/step-functions/choice.ts(111,13): error TS4114: This member must have an 'override' modifier because it overrides a member in the base class 'State'.
.sst/platform/src/components/aws/step-functions/fail.ts(1,10): error TS1484: 'Input' is a type and must be imported using a type-only import when 'verbatimModuleSyntax' is enabled.
.sst/platform/src/components/aws/step-functions/fail.ts(2,17): error TS1484: 'StateArgs' is a type and must be imported using a type-only import when 'verbatimModuleSyntax' is enabled.
.sst/platform/src/components/aws/step-functions/fail.ts(53,15): error TS4115: This parameter property must have an 'override' modifier because it overrides a member in base class 'State'.
.sst/platform/src/components/aws/step-functions/fail.ts(60,13): error TS4114: This member must have an 'override' modifier because it overrides a member in the base class 'State'.
.sst/platform/src/components/aws/step-functions/map.ts(2,10): error TS1484: 'Input' is a type and must be imported using a type-only import when 'verbatimModuleSyntax' is enabled.
.sst/platform/src/components/aws/step-functions/map.ts(4,3): error TS1484: 'CatchArgs' is a type and must be imported using a type-only import when 'verbatimModuleSyntax' is enabled.
.sst/platform/src/components/aws/step-functions/map.ts(5,3): error TS1484: 'Failable' is a type and must be imported using a type-only import when 'verbatimModuleSyntax' is enabled.
.sst/platform/src/components/aws/step-functions/map.ts(6,3): error TS1484: 'JSONata' is a type and must be imported using a type-only import when 'verbatimModuleSyntax' is enabled.
.sst/platform/src/components/aws/step-functions/map.ts(7,3): error TS1484: 'Nextable' is a type and must be imported using a type-only import when 'verbatimModuleSyntax' is enabled.
.sst/platform/src/components/aws/step-functions/map.ts(8,3): error TS1484: 'RetryArgs' is a type and must be imported using a type-only import when 'verbatimModuleSyntax' is enabled.
.sst/platform/src/components/aws/step-functions/map.ts(10,3): error TS1484: 'StateArgs' is a type and must be imported using a type-only import when 'verbatimModuleSyntax' is enabled.
.sst/platform/src/components/aws/step-functions/map.ts(160,15): error TS4115: This parameter property must have an 'override' modifier because it overrides a member in base class 'State'.
.sst/platform/src/components/aws/step-functions/map.ts(239,10): error TS4114: This member must have an 'override' modifier because it overrides a member in the base class 'State'.
.sst/platform/src/components/aws/step-functions/map.ts(246,13): error TS4114: This member must have an 'override' modifier because it overrides a member in the base class 'State'.
.sst/platform/src/components/aws/step-functions/parallel.ts(1,10): error TS1484: 'Input' is a type and must be imported using a type-only import when 'verbatimModuleSyntax' is enabled.
.sst/platform/src/components/aws/step-functions/parallel.ts(3,3): error TS1484: 'CatchArgs' is a type and must be imported using a type-only import when 'verbatimModuleSyntax' is enabled.
.sst/platform/src/components/aws/step-functions/parallel.ts(4,3): error TS1484: 'Failable' is a type and must be imported using a type-only import when 'verbatimModuleSyntax' is enabled.
.sst/platform/src/components/aws/step-functions/parallel.ts(5,3): error TS1484: 'Nextable' is a type and must be imported using a type-only import when 'verbatimModuleSyntax' is enabled.
.sst/platform/src/components/aws/step-functions/parallel.ts(6,3): error TS1484: 'RetryArgs' is a type and must be imported using a type-only import when 'verbatimModuleSyntax' is enabled.
.sst/platform/src/components/aws/step-functions/parallel.ts(8,3): error TS1484: 'StateArgs' is a type and must be imported using a type-only import when 'verbatimModuleSyntax' is enabled.
.sst/platform/src/components/aws/step-functions/parallel.ts(45,15): error TS4115: This parameter property must have an 'override' modifier because it overrides a member in base class 'State'.
.sst/platform/src/components/aws/step-functions/parallel.ts(142,10): error TS4114: This member must have an 'override' modifier because it overrides a member in the base class 'State'.
.sst/platform/src/components/aws/step-functions/parallel.ts(152,13): error TS4114: This member must have an 'override' modifier because it overrides a member in the base class 'State'.
.sst/platform/src/components/aws/step-functions/pass.ts(1,10): error TS1484: 'Input' is a type and must be imported using a type-only import when 'verbatimModuleSyntax' is enabled.
.sst/platform/src/components/aws/step-functions/pass.ts(2,10): error TS1484: 'Nextable' is a type and must be imported using a type-only import when 'verbatimModuleSyntax' is enabled.
.sst/platform/src/components/aws/step-functions/pass.ts(2,27): error TS1484: 'StateArgs' is a type and must be imported using a type-only import when 'verbatimModuleSyntax' is enabled.
.sst/platform/src/components/aws/step-functions/pass.ts(18,15): error TS4115: This parameter property must have an 'override' modifier because it overrides a member in base class 'State'.
.sst/platform/src/components/aws/step-functions/pass.ts(42,13): error TS4114: This member must have an 'override' modifier because it overrides a member in the base class 'State'.
.sst/platform/src/components/aws/step-functions/state.ts(2,10): error TS1484: 'Duration' is a type and must be imported using a type-only import when 'verbatimModuleSyntax' is enabled.
.sst/platform/src/components/aws/step-functions/state.ts(3,10): error TS1484: 'Input' is a type and must be imported using a type-only import when 'verbatimModuleSyntax' is enabled.
.sst/platform/src/components/aws/step-functions/state.ts(4,10): error TS1484: 'FunctionPermissionArgs' is a type and must be imported using a type-only import when 'verbatimModuleSyntax' is enabled.
.sst/platform/src/components/aws/step-functions/succeed.ts(1,17): error TS1484: 'StateArgs' is a type and must be imported using a type-only import when 'verbatimModuleSyntax' is enabled.
.sst/platform/src/components/aws/step-functions/succeed.ts(17,15): error TS4115: This parameter property must have an 'override' modifier because it overrides a member in base class 'State'.
.sst/platform/src/components/aws/step-functions/succeed.ts(24,13): error TS4114: This member must have an 'override' modifier because it overrides a member in the base class 'State'.
.sst/platform/src/components/aws/step-functions/task.ts(2,10): error TS1484: 'Duration' is a type and must be imported using a type-only import when 'verbatimModuleSyntax' is enabled.
.sst/platform/src/components/aws/step-functions/task.ts(3,10): error TS1484: 'Input' is a type and must be imported using a type-only import when 'verbatimModuleSyntax' is enabled.
.sst/platform/src/components/aws/step-functions/task.ts(4,10): error TS1484: 'Prettify' is a type and must be imported using a type-only import when 'verbatimModuleSyntax' is enabled.
.sst/platform/src/components/aws/step-functions/task.ts(7,3): error TS1484: 'FunctionArgs' is a type and must be imported using a type-only import when 'verbatimModuleSyntax' is enabled.
.sst/platform/src/components/aws/step-functions/task.ts(8,3): error TS1484: 'FunctionArn' is a type and must be imported using a type-only import when 'verbatimModuleSyntax' is enabled.
.sst/platform/src/components/aws/step-functions/task.ts(9,3): error TS1484: 'FunctionPermissionArgs' is a type and must be imported using a type-only import when 'verbatimModuleSyntax' is enabled.
.sst/platform/src/components/aws/step-functions/task.ts(12,3): error TS1484: 'CatchArgs' is a type and must be imported using a type-only import when 'verbatimModuleSyntax' is enabled.
.sst/platform/src/components/aws/step-functions/task.ts(13,3): error TS1484: 'Failable' is a type and must be imported using a type-only import when 'verbatimModuleSyntax' is enabled.
.sst/platform/src/components/aws/step-functions/task.ts(15,3): error TS1484: 'JSONata' is a type and must be imported using a type-only import when 'verbatimModuleSyntax' is enabled.
.sst/platform/src/components/aws/step-functions/task.ts(16,3): error TS1484: 'Nextable' is a type and must be imported using a type-only import when 'verbatimModuleSyntax' is enabled.
.sst/platform/src/components/aws/step-functions/task.ts(17,3): error TS1484: 'RetryArgs' is a type and must be imported using a type-only import when 'verbatimModuleSyntax' is enabled.
.sst/platform/src/components/aws/step-functions/task.ts(19,3): error TS1484: 'StateArgs' is a type and must be imported using a type-only import when 'verbatimModuleSyntax' is enabled.
.sst/platform/src/components/aws/step-functions/task.ts(225,15): error TS4115: This parameter property must have an 'override' modifier because it overrides a member in base class 'State'.
.sst/platform/src/components/aws/step-functions/task.ts(312,10): error TS4114: This member must have an 'override' modifier because it overrides a member in the base class 'State'.
.sst/platform/src/components/aws/step-functions/task.ts(319,13): error TS4114: This member must have an 'override' modifier because it overrides a member in the base class 'State'.
.sst/platform/src/components/aws/step-functions/wait.ts(2,10): error TS1484: 'Duration' is a type and must be imported using a type-only import when 'verbatimModuleSyntax' is enabled.
.sst/platform/src/components/aws/step-functions/wait.ts(3,10): error TS1484: 'Input' is a type and must be imported using a type-only import when 'verbatimModuleSyntax' is enabled.
.sst/platform/src/components/aws/step-functions/wait.ts(4,21): error TS1484: 'JSONata' is a type and must be imported using a type-only import when 'verbatimModuleSyntax' is enabled.
.sst/platform/src/components/aws/step-functions/wait.ts(4,30): error TS1484: 'Nextable' is a type and must be imported using a type-only import when 'verbatimModuleSyntax' is enabled.
.sst/platform/src/components/aws/step-functions/wait.ts(4,47): error TS1484: 'StateArgs' is a type and must be imported using a type-only import when 'verbatimModuleSyntax' is enabled.
.sst/platform/src/components/aws/step-functions/wait.ts(68,15): error TS4115: This parameter property must have an 'override' modifier because it overrides a member in base class 'State'.
.sst/platform/src/components/aws/step-functions/wait.ts(93,13): error TS4114: This member must have an 'override' modifier because it overrides a member in the base class 'State'.
.sst/platform/src/components/aws/svelte-kit.ts(3,10): error TS1484: 'ComponentResourceOptions' is a type and must be imported using a type-only import when 'verbatimModuleSyntax' is enabled.
.sst/platform/src/components/aws/svelte-kit.ts(4,10): error TS1484: 'Plan' is a type and must be imported using a type-only import when 'verbatimModuleSyntax' is enabled.
.sst/platform/src/components/aws/svelte-kit.ts(4,25): error TS1484: 'SsrSiteArgs' is a type and must be imported using a type-only import when 'verbatimModuleSyntax' is enabled.
.sst/platform/src/components/aws/svelte-kit.ts(495,14): error TS4114: This member must have an 'override' modifier because it overrides a member in the base class 'SsrSite'.
.sst/platform/src/components/aws/tan-stack-start.ts(3,10): error TS1484: 'ComponentResourceOptions' is a type and must be imported using a type-only import when 'verbatimModuleSyntax' is enabled.
.sst/platform/src/components/aws/tan-stack-start.ts(5,10): error TS1484: 'Plan' is a type and must be imported using a type-only import when 'verbatimModuleSyntax' is enabled.
.sst/platform/src/components/aws/tan-stack-start.ts(5,25): error TS1484: 'SsrSiteArgs' is a type and must be imported using a type-only import when 'verbatimModuleSyntax' is enabled.
.sst/platform/src/components/aws/tan-stack-start.ts(6,10): error TS1484: 'RouterRouteArgs' is a type and must be imported using a type-only import when 'verbatimModuleSyntax' is enabled.
.sst/platform/src/components/aws/tan-stack-start.ts(7,10): error TS1484: 'Prettify' is a type and must be imported using a type-only import when 'verbatimModuleSyntax' is enabled.
.sst/platform/src/components/aws/tan-stack-start.ts(481,14): error TS4114: This member must have an 'override' modifier because it overrides a member in the base class 'SsrSite'.
.sst/platform/src/components/aws/task.ts(1,15): error TS1484: 'ComponentResourceOptions' is a type and must be imported using a type-only import when 'verbatimModuleSyntax' is enabled.
.sst/platform/src/components/aws/task.ts(2,21): error TS1484: 'Prettify' is a type and must be imported using a type-only import when 'verbatimModuleSyntax' is enabled.
.sst/platform/src/components/aws/task.ts(11,3): error TS1484: 'FargateBaseArgs' is a type and must be imported using a type-only import when 'verbatimModuleSyntax' is enabled.
.sst/platform/src/components/aws/task.ts(12,3): error TS1484: 'FargateContainerArgs' is a type and must be imported using a type-only import when 'verbatimModuleSyntax' is enabled.
.sst/platform/src/components/aws/task.ts(22,10): error TS1484: 'Input' is a type and must be imported using a type-only import when 'verbatimModuleSyntax' is enabled.
.sst/platform/src/components/aws/task.ts(342,7): error TS2345: Argument of type 'Output<({ volumes: Output<{ path: string; efs: UnwrappedObject<UnwrappedObject<{ fileSystem: Input<string>; accessPoint: Input<string>; }>> | { ...; }; }[] | undefined>; ... 11 more ...; ssm?: UnwrappedObject<...> | undefined; } | { ...; })[]> | Output<...>' is not assignable to parameter of type 'Output<({ volumes: Output<{ path: string; efs: UnwrappedObject<UnwrappedObject<{ fileSystem: Input<string>; accessPoint: Input<string>; }>> | { ...; }; }[] | undefined>; ... 11 more ...; ssm?: UnwrappedObject<...> | undefined; } | { ...; })[]>'.
  Type 'Output<({ image: Output<string>; environment: { SST_TASK_ID: string; SST_REGION: string; SST_APPSYNC_HTTP: any; SST_APPSYNC_REALTIME: any; SST_APP: string; SST_STAGE: string; }; } | { image: Output<...>; ... 11 more ...; ssm?: UnwrappedObject<...> | undefined; } | { ...; })[]>' is not assignable to type 'Output<({ volumes: Output<{ path: string; efs: UnwrappedObject<UnwrappedObject<{ fileSystem: Input<string>; accessPoint: Input<string>; }>> | { ...; }; }[] | undefined>; ... 11 more ...; ssm?: UnwrappedObject<...> | undefined; } | { ...; })[]>'.
    Type 'Output<({ image: Output<string>; environment: { SST_TASK_ID: string; SST_REGION: string; SST_APPSYNC_HTTP: any; SST_APPSYNC_REALTIME: any; SST_APP: string; SST_STAGE: string; }; } | { image: Output<...>; ... 11 more ...; ssm?: UnwrappedObject<...> | undefined; } | { ...; })[]>' is not assignable to type 'OutputInstance<({ volumes: Output<{ path: string; efs: UnwrappedObject<UnwrappedObject<{ fileSystem: Input<string>; accessPoint: Input<string>; }>> | { ...; }; }[] | undefined>; ... 11 more ...; ssm?: UnwrappedObject<...> | undefined; } | { ...; })[]>'.
      Types of property 'apply' are incompatible.
        Type '{ <U>(func: (t: ({ image: Output<string>; environment: { SST_TASK_ID: string; SST_REGION: string; SST_APPSYNC_HTTP: any; SST_APPSYNC_REALTIME: any; SST_APP: string; SST_STAGE: string; }; } | { ...; } | { ...; })[]) => Promise<...>): Output<...>; <U>(func: (t: ({ ...; } | ... 1 more ... | { ...; })[]) => OutputInstan...' is not assignable to type '{ <U>(func: (t: ({ volumes: Output<{ path: string; efs: UnwrappedObject<UnwrappedObject<{ fileSystem: Input<string>; accessPoint: Input<string>; }>> | { ...; }; }[] | undefined>; ... 11 more ...; ssm?: UnwrappedObject<...> | undefined; } | { ...; })[]) => Promise<...>): Output<...>; <U>(func: (t: ({ ...; } | { ...; ...'.
          Types of parameters 'func' and 'func' are incompatible.
            Types of parameters 't' and 't' are incompatible.
              Type '({ image: Output<string>; environment: { SST_TASK_ID: string; SST_REGION: string; SST_APPSYNC_HTTP: any; SST_APPSYNC_REALTIME: any; SST_APP: string; SST_STAGE: string; }; } | { image: Output<...>; ... 11 more ...; ssm?: UnwrappedObject<...> | undefined; } | { ...; })[]' is not assignable to type '({ volumes: Output<{ path: string; efs: UnwrappedObject<UnwrappedObject<{ fileSystem: Input<string>; accessPoint: Input<string>; }>> | { ...; }; }[] | undefined>; ... 11 more ...; ssm?: UnwrappedObject<...> | undefined; } | { ...; })[]'.
                Type '{ image: Output<string>; environment: { SST_TASK_ID: string; SST_REGION: string; SST_APPSYNC_HTTP: any; SST_APPSYNC_REALTIME: any; SST_APP: string; SST_STAGE: string; }; } | { image: Output<...>; ... 11 more ...; ssm?: UnwrappedObject<...> | undefined; } | { ...; }' is not assignable to type '{ volumes: Output<{ path: string; efs: UnwrappedObject<UnwrappedObject<{ fileSystem: Input<string>; accessPoint: Input<string>; }>> | { ...; }; }[] | undefined>; ... 11 more ...; ssm?: UnwrappedObject<...> | undefined; } | { ...; }'.
                  Type '{ image: Output<string>; environment: { SST_TASK_ID: string; SST_REGION: string; SST_APPSYNC_HTTP: any; SST_APPSYNC_REALTIME: any; SST_APP: string; SST_STAGE: string; }; }' is not assignable to type '{ volumes: Output<{ path: string; efs: UnwrappedObject<UnwrappedObject<{ fileSystem: Input<string>; accessPoint: Input<string>; }>> | { ...; }; }[] | undefined>; ... 11 more ...; ssm?: UnwrappedObject<...> | undefined; } | { ...; }'.
                    Type '{ image: Output<string>; environment: { SST_TASK_ID: string; SST_REGION: string; SST_APPSYNC_HTTP: any; SST_APPSYNC_REALTIME: any; SST_APP: string; SST_STAGE: string; }; }' is missing the following properties from type '{ volumes: Output<{ path: string; efs: UnwrappedObject<UnwrappedObject<{ fileSystem: Input<string>; accessPoint: Input<string>; }>> | { ...; }; }[] | undefined>; ... 11 more ...; dev: false | ... 1 more ... | undefined; }': volumes, logging, name, cpu, and 7 more.
.sst/platform/src/components/aws/task.ts(350,22): error TS2532: Object is possibly 'undefined'.
.sst/platform/src/components/aws/task.ts(381,16): error TS2532: Object is possibly 'undefined'.
.sst/platform/src/components/aws/task.ts(382,22): error TS2532: Object is possibly 'undefined'.
.sst/platform/src/components/aws/task.ts(383,15): error TS2532: Object is possibly 'undefined'.
.sst/platform/src/components/aws/task.ts(383,51): error TS2532: Object is possibly 'undefined'.
.sst/platform/src/components/aws/vector.ts(2,10): error TS1484: 'ComponentResourceOptions' is a type and must be imported using a type-only import when 'verbatimModuleSyntax' is enabled.
.sst/platform/src/components/aws/vector.ts(3,21): error TS1484: 'Transform' is a type and must be imported using a type-only import when 'verbatimModuleSyntax' is enabled.
.sst/platform/src/components/aws/vector.ts(4,20): error TS1484: 'PostgresArgs' is a type and must be imported using a type-only import when 'verbatimModuleSyntax' is enabled.
.sst/platform/src/components/aws/vector.ts(8,10): error TS1484: 'Input' is a type and must be imported using a type-only import when 'verbatimModuleSyntax' is enabled.
.sst/platform/src/components/aws/vector.ts(134,22): error TS2532: Object is possibly 'undefined'.
.sst/platform/src/components/aws/vector.ts(195,21): error TS2532: Object is possibly 'undefined'.
.sst/platform/src/components/aws/vector.ts(205,23): error TS2532: Object is possibly 'undefined'.
.sst/platform/src/components/aws/vpc-v1.ts(1,10): error TS1484: 'ComponentResourceOptions' is a type and must be imported using a type-only import when 'verbatimModuleSyntax' is enabled.
.sst/platform/src/components/aws/vpc-v1.ts(2,21): error TS1484: 'Transform' is a type and must be imported using a type-only import when 'verbatimModuleSyntax' is enabled.
.sst/platform/src/components/aws/vpc-v1.ts(3,10): error TS1484: 'Input' is a type and must be imported using a type-only import when 'verbatimModuleSyntax' is enabled.
.sst/platform/src/components/aws/vpc-v1.ts(352,35): error TS2532: Object is possibly 'undefined'.
.sst/platform/src/components/aws/vpc-v1.ts(497,7): error TS2345: Argument of type 'Output<string | undefined>' is not assignable to parameter of type 'Input<string>'.
  Type 'OutputInstance<string | undefined>' is not assignable to type 'Input<string>'.
    Type 'OutputInstance<string | undefined>' is not assignable to type 'OutputInstance<string>'.
      Type 'string | undefined' is not assignable to type 'string'.
        Type 'undefined' is not assignable to type 'string'.
.sst/platform/src/components/aws/vpc.ts(3,3): error TS1484: 'ComponentResourceOptions' is a type and must be imported using a type-only import when 'verbatimModuleSyntax' is enabled.
.sst/platform/src/components/aws/vpc.ts(8,21): error TS1484: 'Transform' is a type and must be imported using a type-only import when 'verbatimModuleSyntax' is enabled.
.sst/platform/src/components/aws/vpc.ts(9,10): error TS1484: 'Input' is a type and must be imported using a type-only import when 'verbatimModuleSyntax' is enabled.
.sst/platform/src/components/aws/vpc.ts(506,9): error TS2345: Argument of type 'Output<string | undefined>' is not assignable to parameter of type 'Input<string>'.
  Type 'OutputInstance<string | undefined>' is not assignable to type 'Input<string>'.
    Type 'OutputInstance<string | undefined>' is not assignable to type 'OutputInstance<string>'.
      Type 'string | undefined' is not assignable to type 'string'.
        Type 'undefined' is not assignable to type 'string'.
.sst/platform/src/components/aws/vpc.ts(604,63): error TS2345: Argument of type 'string | undefined' is not assignable to parameter of type 'Input<string>'.
  Type 'undefined' is not assignable to type 'Input<string>'.
.sst/platform/src/components/aws/vpc.ts(639,72): error TS2345: Argument of type 'string | undefined' is not assignable to parameter of type 'Input<string>'.
  Type 'undefined' is not assignable to type 'Input<string>'.
.sst/platform/src/components/aws/vpc.ts(696,58): error TS2345: Argument of type 'string | undefined' is not assignable to parameter of type 'Input<string>'.
  Type 'undefined' is not assignable to type 'Input<string>'.
.sst/platform/src/components/aws/vpc.ts(713,68): error TS2345: Argument of type 'string | undefined' is not assignable to parameter of type 'Input<string>'.
  Type 'undefined' is not assignable to type 'Input<string>'.
.sst/platform/src/components/aws/vpc.ts(1167,31): error TS2532: Object is possibly 'undefined'.
.sst/platform/src/components/aws/vpc.ts(1442,54): error TS2532: Object is possibly 'undefined'.
.sst/platform/src/components/base/base-site.ts(2,10): error TS1484: 'Input' is a type and must be imported using a type-only import when 'verbatimModuleSyntax' is enabled.
.sst/platform/src/components/base/base-ssr-site.ts(4,10): error TS1484: 'Prettify' is a type and must be imported using a type-only import when 'verbatimModuleSyntax' is enabled.
.sst/platform/src/components/base/base-ssr-site.ts(5,10): error TS1484: 'Input' is a type and must be imported using a type-only import when 'verbatimModuleSyntax' is enabled.
.sst/platform/src/components/base/base-ssr-site.ts(8,10): error TS1484: 'BaseSiteDev' is a type and must be imported using a type-only import when 'verbatimModuleSyntax' is enabled.
.sst/platform/src/components/base/base-static-site.ts(5,10): error TS1484: 'Input' is a type and must be imported using a type-only import when 'verbatimModuleSyntax' is enabled.
.sst/platform/src/components/base/base-static-site.ts(6,10): error TS1484: 'Prettify' is a type and must be imported using a type-only import when 'verbatimModuleSyntax' is enabled.
.sst/platform/src/components/base/base-static-site.ts(7,10): error TS1484: 'BaseSiteFileOptions' is a type and must be imported using a type-only import when 'verbatimModuleSyntax' is enabled.
.sst/platform/src/components/cloudflare/ai.ts(1,10): error TS1484: 'ComponentResourceOptions' is a type and must be imported using a type-only import when 'verbatimModuleSyntax' is enabled.
.sst/platform/src/components/cloudflare/auth.ts(2,3): error TS1484: 'ComponentResourceOptions' is a type and must be imported using a type-only import when 'verbatimModuleSyntax' is enabled.
.sst/platform/src/components/cloudflare/auth.ts(7,21): error TS1484: 'Transform' is a type and must be imported using a type-only import when 'verbatimModuleSyntax' is enabled.
.sst/platform/src/components/cloudflare/auth.ts(9,10): error TS1484: 'WorkerArgs' is a type and must be imported using a type-only import when 'verbatimModuleSyntax' is enabled.
.sst/platform/src/components/cloudflare/auth.ts(11,10): error TS1484: 'BucketPolicyArgs' is a type and must be imported using a type-only import when 'verbatimModuleSyntax' is enabled.
.sst/platform/src/components/cloudflare/binding.ts(19,10): error TS1484: 'Input' is a type and must be imported using a type-only import when 'verbatimModuleSyntax' is enabled.
.sst/platform/src/components/cloudflare/bucket.ts(1,10): error TS1484: 'ComponentResourceOptions' is a type and must be imported using a type-only import when 'verbatimModuleSyntax' is enabled.
.sst/platform/src/components/cloudflare/bucket.ts(3,21): error TS1484: 'Transform' is a type and must be imported using a type-only import when 'verbatimModuleSyntax' is enabled.
.sst/platform/src/components/cloudflare/cron.ts(1,15): error TS1484: 'ComponentResourceOptions' is a type and must be imported using a type-only import when 'verbatimModuleSyntax' is enabled.
.sst/platform/src/components/cloudflare/cron.ts(4,21): error TS1484: 'Transform' is a type and must be imported using a type-only import when 'verbatimModuleSyntax' is enabled.
.sst/platform/src/components/cloudflare/cron.ts(5,10): error TS1484: 'WorkerArgs' is a type and must be imported using a type-only import when 'verbatimModuleSyntax' is enabled.
.sst/platform/src/components/cloudflare/cron.ts(7,10): error TS1484: 'Input' is a type and must be imported using a type-only import when 'verbatimModuleSyntax' is enabled.
.sst/platform/src/components/cloudflare/cron.ts(8,10): error TS1484: 'WorkerBuilder' is a type and must be imported using a type-only import when 'verbatimModuleSyntax' is enabled.
.sst/platform/src/components/cloudflare/cron.ts(174,26): error TS18048: 'schedules' is possibly 'undefined'.
.sst/platform/src/components/cloudflare/d1.ts(1,10): error TS1484: 'ComponentResourceOptions' is a type and must be imported using a type-only import when 'verbatimModuleSyntax' is enabled.
.sst/platform/src/components/cloudflare/d1.ts(3,21): error TS1484: 'Transform' is a type and must be imported using a type-only import when 'verbatimModuleSyntax' is enabled.
.sst/platform/src/components/cloudflare/d1.ts(117,13): error TS2322: Type 'Output<string | undefined>' is not assignable to type 'Input<string>'.
  Type 'OutputInstance<string | undefined>' is not assignable to type 'Input<string>'.
    Type 'OutputInstance<string | undefined>' is not assignable to type 'OutputInstance<string>'.
      Type 'string | undefined' is not assignable to type 'string'.
        Type 'undefined' is not assignable to type 'string'.
.sst/platform/src/components/cloudflare/dns.ts(44,10): error TS1484: 'AliasRecord' is a type and must be imported using a type-only import when 'verbatimModuleSyntax' is enabled.
.sst/platform/src/components/cloudflare/dns.ts(44,23): error TS1484: 'Dns' is a type and must be imported using a type-only import when 'verbatimModuleSyntax' is enabled.
.sst/platform/src/components/cloudflare/dns.ts(44,28): error TS1484: 'Record' is a type and must be imported using a type-only import when 'verbatimModuleSyntax' is enabled.
.sst/platform/src/components/cloudflare/dns.ts(47,10): error TS1484: 'ComponentResourceOptions' is a type and must be imported using a type-only import when 'verbatimModuleSyntax' is enabled.
.sst/platform/src/components/cloudflare/dns.ts(48,10): error TS1484: 'Transform' is a type and must be imported using a type-only import when 'verbatimModuleSyntax' is enabled.
.sst/platform/src/components/cloudflare/dns.ts(49,10): error TS1484: 'Input' is a type and must be imported using a type-only import when 'verbatimModuleSyntax' is enabled.
.sst/platform/src/components/cloudflare/experimental/astro.ts(3,10): error TS1484: 'ComponentResourceOptions' is a type and must be imported using a type-only import when 'verbatimModuleSyntax' is enabled.
.sst/platform/src/components/cloudflare/experimental/astro.ts(5,10): error TS1484: 'Plan' is a type and must be imported using a type-only import when 'verbatimModuleSyntax' is enabled.
.sst/platform/src/components/cloudflare/experimental/astro.ts(5,25): error TS1484: 'SsrSiteArgs' is a type and must be imported using a type-only import when 'verbatimModuleSyntax' is enabled.
.sst/platform/src/components/cloudflare/experimental/astro.ts(230,14): error TS4114: This member must have an 'override' modifier because it overrides a member in the base class 'SsrSite'.
.sst/platform/src/components/cloudflare/experimental/solid-start.ts(3,10): error TS1484: 'ComponentResourceOptions' is a type and must be imported using a type-only import when 'verbatimModuleSyntax' is enabled.
.sst/platform/src/components/cloudflare/experimental/solid-start.ts(5,10): error TS1484: 'Plan' is a type and must be imported using a type-only import when 'verbatimModuleSyntax' is enabled.
.sst/platform/src/components/cloudflare/experimental/solid-start.ts(5,25): error TS1484: 'SsrSiteArgs' is a type and must be imported using a type-only import when 'verbatimModuleSyntax' is enabled.
.sst/platform/src/components/cloudflare/experimental/solid-start.ts(233,14): error TS4114: This member must have an 'override' modifier because it overrides a member in the base class 'SsrSite'.
.sst/platform/src/components/cloudflare/experimental/static-site.ts(2,10): error TS1484: 'ComponentResourceOptions' is a type and must be imported using a type-only import when 'verbatimModuleSyntax' is enabled.
.sst/platform/src/components/cloudflare/experimental/static-site.ts(5,10): error TS1484: 'Input' is a type and must be imported using a type-only import when 'verbatimModuleSyntax' is enabled.
.sst/platform/src/components/cloudflare/experimental/static-site.ts(8,3): error TS1484: 'BaseStaticSiteArgs' is a type and must be imported using a type-only import when 'verbatimModuleSyntax' is enabled.
.sst/platform/src/components/cloudflare/helpers/worker-builder.ts(2,3): error TS1484: 'ComponentResourceOptions' is a type and must be imported using a type-only import when 'verbatimModuleSyntax' is enabled.
.sst/platform/src/components/cloudflare/helpers/worker-builder.ts(3,3): error TS1484: 'Input' is a type and must be imported using a type-only import when 'verbatimModuleSyntax' is enabled.
.sst/platform/src/components/cloudflare/helpers/worker-builder.ts(7,21): error TS1484: 'Transform' is a type and must be imported using a type-only import when 'verbatimModuleSyntax' is enabled.
.sst/platform/src/components/cloudflare/helpers/worker-builder.ts(8,18): error TS1484: 'WorkerArgs' is a type and must be imported using a type-only import when 'verbatimModuleSyntax' is enabled.
.sst/platform/src/components/cloudflare/kv.ts(1,10): error TS1484: 'ComponentResourceOptions' is a type and must be imported using a type-only import when 'verbatimModuleSyntax' is enabled.
.sst/platform/src/components/cloudflare/kv.ts(3,21): error TS1484: 'Transform' is a type and must be imported using a type-only import when 'verbatimModuleSyntax' is enabled.
.sst/platform/src/components/cloudflare/kv.ts(165,13): error TS2322: Type 'Output<string | undefined>' is not assignable to type 'Input<string>'.
  Type 'OutputInstance<string | undefined>' is not assignable to type 'Input<string>'.
    Type 'OutputInstance<string | undefined>' is not assignable to type 'OutputInstance<string>'.
      Type 'string | undefined' is not assignable to type 'string'.
        Type 'undefined' is not assignable to type 'string'.
.sst/platform/src/components/cloudflare/providers/dns-record.ts(1,10): error TS1484: 'CustomResourceOptions' is a type and must be imported using a type-only import when 'verbatimModuleSyntax' is enabled.
.sst/platform/src/components/cloudflare/providers/dns-record.ts(1,33): error TS1484: 'Input' is a type and must be imported using a type-only import when 'verbatimModuleSyntax' is enabled.
.sst/platform/src/components/cloudflare/providers/kv-data.ts(2,10): error TS1484: 'CustomResourceOptions' is a type and must be imported using a type-only import when 'verbatimModuleSyntax' is enabled.
.sst/platform/src/components/cloudflare/providers/kv-data.ts(2,33): error TS1484: 'Input' is a type and must be imported using a type-only import when 'verbatimModuleSyntax' is enabled.
.sst/platform/src/components/cloudflare/providers/worker-assets.ts(1,10): error TS1484: 'CustomResourceOptions' is a type and must be imported using a type-only import when 'verbatimModuleSyntax' is enabled.
.sst/platform/src/components/cloudflare/providers/worker-assets.ts(1,33): error TS1484: 'Input' is a type and must be imported using a type-only import when 'verbatimModuleSyntax' is enabled.
.sst/platform/src/components/cloudflare/providers/worker-placement.ts(1,10): error TS1484: 'CustomResourceOptions' is a type and must be imported using a type-only import when 'verbatimModuleSyntax' is enabled.
.sst/platform/src/components/cloudflare/providers/worker-placement.ts(1,33): error TS1484: 'Input' is a type and must be imported using a type-only import when 'verbatimModuleSyntax' is enabled.
.sst/platform/src/components/cloudflare/providers/worker-url.ts(1,10): error TS1484: 'CustomResourceOptions' is a type and must be imported using a type-only import when 'verbatimModuleSyntax' is enabled.
.sst/platform/src/components/cloudflare/providers/worker-url.ts(1,33): error TS1484: 'Input' is a type and must be imported using a type-only import when 'verbatimModuleSyntax' is enabled.
.sst/platform/src/components/cloudflare/providers/zone-lookup.ts(1,10): error TS1484: 'CustomResourceOptions' is a type and must be imported using a type-only import when 'verbatimModuleSyntax' is enabled.
.sst/platform/src/components/cloudflare/providers/zone-lookup.ts(1,33): error TS1484: 'Input' is a type and must be imported using a type-only import when 'verbatimModuleSyntax' is enabled.
.sst/platform/src/components/cloudflare/queue-worker-subscriber.ts(1,10): error TS1484: 'ComponentResourceOptions' is a type and must be imported using a type-only import when 'verbatimModuleSyntax' is enabled.
.sst/platform/src/components/cloudflare/queue-worker-subscriber.ts(1,36): error TS1484: 'Input' is a type and must be imported using a type-only import when 'verbatimModuleSyntax' is enabled.
.sst/platform/src/components/cloudflare/queue-worker-subscriber.ts(3,21): error TS1484: 'Transform' is a type and must be imported using a type-only import when 'verbatimModuleSyntax' is enabled.
.sst/platform/src/components/cloudflare/queue-worker-subscriber.ts(5,3): error TS1484: 'DurationMinutes' is a type and must be imported using a type-only import when 'verbatimModuleSyntax' is enabled.
.sst/platform/src/components/cloudflare/queue-worker-subscriber.ts(6,3): error TS1484: 'DurationSeconds' is a type and must be imported using a type-only import when 'verbatimModuleSyntax' is enabled.
.sst/platform/src/components/cloudflare/queue-worker-subscriber.ts(9,10): error TS1484: 'WorkerBuilder' is a type and must be imported using a type-only import when 'verbatimModuleSyntax' is enabled.
.sst/platform/src/components/cloudflare/queue-worker-subscriber.ts(10,10): error TS1484: 'WorkerArgs' is a type and must be imported using a type-only import when 'verbatimModuleSyntax' is enabled.
.sst/platform/src/components/cloudflare/queue.ts(1,10): error TS1484: 'ComponentResourceOptions' is a type and must be imported using a type-only import when 'verbatimModuleSyntax' is enabled.
.sst/platform/src/components/cloudflare/queue.ts(1,36): error TS1484: 'Input' is a type and must be imported using a type-only import when 'verbatimModuleSyntax' is enabled.
.sst/platform/src/components/cloudflare/queue.ts(3,21): error TS1484: 'Transform' is a type and must be imported using a type-only import when 'verbatimModuleSyntax' is enabled.
.sst/platform/src/components/cloudflare/queue.ts(7,10): error TS1484: 'WorkerArgs' is a type and must be imported using a type-only import when 'verbatimModuleSyntax' is enabled.
.sst/platform/src/components/cloudflare/queue.ts(10,10): error TS1484: 'DurationMinutes' is a type and must be imported using a type-only import when 'verbatimModuleSyntax' is enabled.
.sst/platform/src/components/cloudflare/queue.ts(10,27): error TS1484: 'DurationSeconds' is a type and must be imported using a type-only import when 'verbatimModuleSyntax' is enabled.
.sst/platform/src/components/cloudflare/ssr-site.ts(3,31): error TS1484: 'ComponentResourceOptions' is a type and must be imported using a type-only import when 'verbatimModuleSyntax' is enabled.
.sst/platform/src/components/cloudflare/ssr-site.ts(4,10): error TS1484: 'Input' is a type and must be imported using a type-only import when 'verbatimModuleSyntax' is enabled.
.sst/platform/src/components/cloudflare/ssr-site.ts(7,10): error TS1484: 'BaseSsrSiteArgs' is a type and must be imported using a type-only import when 'verbatimModuleSyntax' is enabled.
.sst/platform/src/components/cloudflare/ssr-site.ts(8,18): error TS1484: 'WorkerArgs' is a type and must be imported using a type-only import when 'verbatimModuleSyntax' is enabled.
.sst/platform/src/components/cloudflare/static-site.ts(4,10): error TS1484: 'ComponentResourceOptions' is a type and must be imported using a type-only import when 'verbatimModuleSyntax' is enabled.
.sst/platform/src/components/cloudflare/static-site.ts(5,14): error TS1484: 'KvArgs' is a type and must be imported using a type-only import when 'verbatimModuleSyntax' is enabled.
.sst/platform/src/components/cloudflare/static-site.ts(6,21): error TS1484: 'Prettify' is a type and must be imported using a type-only import when 'verbatimModuleSyntax' is enabled.
.sst/platform/src/components/cloudflare/static-site.ts(6,31): error TS1484: 'Transform' is a type and must be imported using a type-only import when 'verbatimModuleSyntax' is enabled.
.sst/platform/src/components/cloudflare/static-site.ts(8,10): error TS1484: 'Input' is a type and must be imported using a type-only import when 'verbatimModuleSyntax' is enabled.
.sst/platform/src/components/cloudflare/static-site.ts(14,3): error TS1484: 'BaseStaticSiteArgs' is a type and must be imported using a type-only import when 'verbatimModuleSyntax' is enabled.
.sst/platform/src/components/cloudflare/static-site.ts(15,3): error TS1484: 'BaseStaticSiteAssets' is a type and must be imported using a type-only import when 'verbatimModuleSyntax' is enabled.
.sst/platform/src/components/cloudflare/static-site.ts(361,11): error TS2322: Type 'Output<string | undefined>' is not assignable to type 'Input<string>'.
  Type 'OutputInstance<string | undefined>' is not assignable to type 'Input<string>'.
    Type 'OutputInstance<string | undefined>' is not assignable to type 'OutputInstance<string>'.
      Type 'string | undefined' is not assignable to type 'string'.
        Type 'undefined' is not assignable to type 'string'.
.sst/platform/src/components/cloudflare/static-site.ts(402,15): error TS2322: Type 'Output<(UnwrappedObject<WorkersScriptBinding> | { type: string; name: string; namespaceId: Output<string | undefined>; })[]>' is not assignable to type 'Input<Input<WorkersScriptBinding>[]> | undefined'.
  Type 'Output<(UnwrappedObject<WorkersScriptBinding> | { type: string; name: string; namespaceId: Output<string | undefined>; })[]>' is not assignable to type 'OutputInstance<Input<WorkersScriptBinding>[]>'.
    Types of property 'apply' are incompatible.
      Type '{ <U>(func: (t: (UnwrappedObject<WorkersScriptBinding> | { type: string; name: string; namespaceId: Output<string | undefined>; })[]) => Promise<...>): Output<...>; <U>(func: (t: (UnwrappedObject<...> | { ...; })[]) => OutputInstance<...>): Output<...>; <U>(func: (t: (UnwrappedObject<...> | { ...; })[]) => U): Outpu...' is not assignable to type '{ <U>(func: (t: Input<WorkersScriptBinding>[]) => Promise<U>): Output<U>; <U>(func: (t: Input<WorkersScriptBinding>[]) => OutputInstance<...>): Output<...>; <U>(func: (t: Input<...>[]) => U): Output<...>; }'.
        Types of parameters 'func' and 'func' are incompatible.
          Types of parameters 't' and 't' are incompatible.
            Type '(UnwrappedObject<WorkersScriptBinding> | { type: string; name: string; namespaceId: Output<string | undefined>; })[]' is not assignable to type 'Input<WorkersScriptBinding>[]'.
              Type 'UnwrappedObject<WorkersScriptBinding> | { type: string; name: string; namespaceId: Output<string | undefined>; }' is not assignable to type 'Input<WorkersScriptBinding>'.
                Type '{ type: string; name: string; namespaceId: $util.Output<string | undefined>; }' is not assignable to type 'Input<WorkersScriptBinding>'.
                  Type '{ type: string; name: string; namespaceId: $util.Output<string | undefined>; }' is not assignable to type 'WorkersScriptBinding'.
                    Types of property 'namespaceId' are incompatible.
                      Type 'Output<string | undefined>' is not assignable to type 'Input<string> | undefined'.
                        Type 'OutputInstance<string | undefined>' is not assignable to type 'Input<string> | undefined'.
                          Type 'OutputInstance<string | undefined>' is not assignable to type 'OutputInstance<string>'.
                            Type 'string | undefined' is not assignable to type 'string'.
                              Type 'undefined' is not assignable to type 'string'.
.sst/platform/src/components/cloudflare/worker.ts(5,3): error TS1484: 'ComponentResourceOptions' is a type and must be imported using a type-only import when 'verbatimModuleSyntax' is enabled.
.sst/platform/src/components/cloudflare/worker.ts(14,21): error TS1484: 'Transform' is a type and must be imported using a type-only import when 'verbatimModuleSyntax' is enabled.
.sst/platform/src/components/cloudflare/worker.ts(21,10): error TS1484: 'Permission' is a type and must be imported using a type-only import when 'verbatimModuleSyntax' is enabled.
.sst/platform/src/components/component.ts(3,3): error TS1484: 'ComponentResourceOptions' is a type and must be imported using a type-only import when 'verbatimModuleSyntax' is enabled.
.sst/platform/src/components/component.ts(4,3): error TS1484: 'Inputs' is a type and must be imported using a type-only import when 'verbatimModuleSyntax' is enabled.
.sst/platform/src/components/component.ts(8,3): error TS1484: 'Input' is a type and must be imported using a type-only import when 'verbatimModuleSyntax' is enabled.
.sst/platform/src/components/component.ts(509,28): error TS2345: Argument of type 'string | undefined' is not assignable to parameter of type 'string'.
  Type 'undefined' is not assignable to type 'string'.
.sst/platform/src/components/component.ts(509,52): error TS2345: Argument of type 'string | undefined' is not assignable to parameter of type 'string'.
  Type 'undefined' is not assignable to type 'string'.
.sst/platform/src/components/cpu.ts(5,31): error TS2345: Argument of type 'string | undefined' is not assignable to parameter of type 'string'.
  Type 'undefined' is not assignable to type 'string'.
.sst/platform/src/components/dns.ts(7,10): error TS1484: 'ComponentResourceOptions' is a type and must be imported using a type-only import when 'verbatimModuleSyntax' is enabled.
.sst/platform/src/components/dns.ts(8,10): error TS1484: 'Input' is a type and must be imported using a type-only import when 'verbatimModuleSyntax' is enabled.
.sst/platform/src/components/duration.ts(33,29): error TS2345: Argument of type 'string | undefined' is not assignable to parameter of type 'string'.
  Type 'undefined' is not assignable to type 'string'.
.sst/platform/src/components/duration.ts(34,21): error TS18048: 'unit' is possibly 'undefined'.
.sst/platform/src/components/duration.ts(56,29): error TS2345: Argument of type 'string | undefined' is not assignable to parameter of type 'string'.
  Type 'undefined' is not assignable to type 'string'.
.sst/platform/src/components/duration.ts(57,21): error TS18048: 'unit' is possibly 'undefined'.
.sst/platform/src/components/experimental/dev-command.ts(1,10): error TS1484: 'ComponentResourceOptions' is a type and must be imported using a type-only import when 'verbatimModuleSyntax' is enabled.
.sst/platform/src/components/experimental/dev-command.ts(4,10): error TS1484: 'Input' is a type and must be imported using a type-only import when 'verbatimModuleSyntax' is enabled.
.sst/platform/src/components/link.ts(2,3): error TS1484: 'Input' is a type and must be imported using a type-only import when 'verbatimModuleSyntax' is enabled.
.sst/platform/src/components/linkable.ts(4,10): error TS1484: 'Input' is a type and must be imported using a type-only import when 'verbatimModuleSyntax' is enabled.
.sst/platform/src/components/secret.ts(4,21): error TS1484: 'Prettify' is a type and must be imported using a type-only import when 'verbatimModuleSyntax' is enabled.
.sst/platform/src/components/secret.ts(5,10): error TS1484: 'Input' is a type and must be imported using a type-only import when 'verbatimModuleSyntax' is enabled.
.sst/platform/src/components/size.ts(6,31): error TS2345: Argument of type 'string | undefined' is not assignable to parameter of type 'string'.
  Type 'undefined' is not assignable to type 'string'.
.sst/platform/src/components/size.ts(19,31): error TS2345: Argument of type 'string | undefined' is not assignable to parameter of type 'string'.
  Type 'undefined' is not assignable to type 'string'.
.sst/platform/src/components/vercel/dns.ts(39,21): error TS1484: 'DnsRecordArgs' is a type and must be imported using a type-only import when 'verbatimModuleSyntax' is enabled.
.sst/platform/src/components/vercel/dns.ts(41,10): error TS1484: 'AliasRecord' is a type and must be imported using a type-only import when 'verbatimModuleSyntax' is enabled.
.sst/platform/src/components/vercel/dns.ts(41,23): error TS1484: 'Dns' is a type and must be imported using a type-only import when 'verbatimModuleSyntax' is enabled.
.sst/platform/src/components/vercel/dns.ts(41,28): error TS1484: 'Record' is a type and must be imported using a type-only import when 'verbatimModuleSyntax' is enabled.
.sst/platform/src/components/vercel/dns.ts(43,10): error TS1484: 'ComponentResourceOptions' is a type and must be imported using a type-only import when 'verbatimModuleSyntax' is enabled.
.sst/platform/src/components/vercel/dns.ts(44,10): error TS1484: 'Transform' is a type and must be imported using a type-only import when 'verbatimModuleSyntax' is enabled.
.sst/platform/src/components/vercel/dns.ts(45,10): error TS1484: 'Input' is a type and must be imported using a type-only import when 'verbatimModuleSyntax' is enabled.
.sst/platform/src/components/vercel/providers/dns-record.ts(1,10): error TS1484: 'CustomResourceOptions' is a type and must be imported using a type-only import when 'verbatimModuleSyntax' is enabled.
.sst/platform/src/components/vercel/providers/dns-record.ts(1,33): error TS1484: 'Input' is a type and must be imported using a type-only import when 'verbatimModuleSyntax' is enabled.
.sst/platform/src/util/compare-semver.ts(12,33): error TS18048: 'major1' is possibly 'undefined'.
.sst/platform/src/util/compare-semver.ts(12,42): error TS18048: 'major2' is possibly 'undefined'.
.sst/platform/src/util/compare-semver.ts(13,33): error TS18048: 'minor1' is possibly 'undefined'.
.sst/platform/src/util/compare-semver.ts(13,42): error TS18048: 'minor2' is possibly 'undefined'.
.sst/platform/src/util/compare-semver.ts(14,10): error TS18048: 'patch1' is possibly 'undefined'.
.sst/platform/src/util/compare-semver.ts(14,19): error TS18048: 'patch2' is possibly 'undefined'.
packages/frontend/src/components/AdminDashboard/SubscriptionPlanManagement.tsx(90,32): error TS2339: Property 'limits' does not exist on type 'BillingPlan'.
packages/frontend/src/components/AdminDashboard/SubscriptionPlanManagement.tsx(90,77): error TS2339: Property 'limits' does not exist on type 'BillingPlan'.
packages/frontend/src/components/AdminDashboard/SubscriptionPlanManagement.tsx(91,39): error TS2339: Property 'limits' does not exist on type 'BillingPlan'.
packages/frontend/src/components/AdminDashboard/SubscriptionPlanManagement.tsx(91,91): error TS2339: Property 'limits' does not exist on type 'BillingPlan'.
packages/frontend/src/components/AdminDashboard/SubscriptionPlanManagement.tsx(452,45): error TS2532: Object is possibly 'undefined'.
packages/frontend/src/components/AdminDashboard/SubscriptionPlanManagement.tsx(463,45): error TS2532: Object is possibly 'undefined'.
packages/frontend/src/components/ProfilePage.tsx(508,21): error TS2304: Cannot find name 'onLogout'.
packages/frontend/src/components/ProfilePage.tsx(508,31): error TS2304: Cannot find name 'onLogout'.
packages/frontend/src/components/ui/accordion.tsx(4,37): error TS2307: Cannot find module '@radix-ui/react-accordion@1.2.3' or its corresponding type declarations.
packages/frontend/src/components/ui/accordion.tsx(5,33): error TS2307: Cannot find module 'lucide-react@0.487.0' or its corresponding type declarations.
packages/frontend/src/components/ui/alert-dialog.tsx(4,39): error TS2307: Cannot find module '@radix-ui/react-alert-dialog@1.1.6' or its corresponding type declarations.
packages/frontend/src/components/ui/alert.tsx(2,40): error TS2307: Cannot find module 'class-variance-authority@0.7.1' or its corresponding type declarations.
packages/frontend/src/components/ui/aspect-ratio.tsx(3,39): error TS2307: Cannot find module '@radix-ui/react-aspect-ratio@1.1.2' or its corresponding type declarations.
packages/frontend/src/components/ui/avatar.tsx(4,34): error TS2307: Cannot find module '@radix-ui/react-avatar@1.1.3' or its corresponding type declarations.
packages/frontend/src/components/ui/badge.tsx(2,22): error TS2307: Cannot find module '@radix-ui/react-slot@1.1.2' or its corresponding type declarations.
packages/frontend/src/components/ui/badge.tsx(3,40): error TS2307: Cannot find module 'class-variance-authority@0.7.1' or its corresponding type declarations.
packages/frontend/src/components/ui/breadcrumb.tsx(2,22): error TS2307: Cannot find module '@radix-ui/react-slot@1.1.2' or its corresponding type declarations.
packages/frontend/src/components/ui/breadcrumb.tsx(3,46): error TS2307: Cannot find module 'lucide-react@0.487.0' or its corresponding type declarations.
packages/frontend/src/components/ui/calendar.tsx(4,43): error TS2307: Cannot find module 'lucide-react@0.487.0' or its corresponding type declarations.
packages/frontend/src/components/ui/calendar.tsx(5,27): error TS2307: Cannot find module 'react-day-picker@8.10.1' or its corresponding type declarations.
packages/frontend/src/components/ui/calendar.tsx(73,22): error TS7031: Binding element 'className' implicitly has an 'any' type.
packages/frontend/src/components/ui/calendar.tsx(76,23): error TS7031: Binding element 'className' implicitly has an 'any' type.
packages/frontend/src/components/ui/carousel.tsx(6,8): error TS2307: Cannot find module 'embla-carousel-react@8.6.0' or its corresponding type declarations.
packages/frontend/src/components/ui/carousel.tsx(7,39): error TS2307: Cannot find module 'lucide-react@0.487.0' or its corresponding type declarations.
packages/frontend/src/components/ui/chart.tsx(4,36): error TS2307: Cannot find module 'recharts@2.15.2' or its corresponding type declarations.
packages/frontend/src/components/ui/chart.tsx(182,23): error TS7006: Parameter 'item' implicitly has an 'any' type.
packages/frontend/src/components/ui/chart.tsx(182,29): error TS7006: Parameter 'index' implicitly has an 'any' type.
packages/frontend/src/components/ui/chart.tsx(278,21): error TS7006: Parameter 'item' implicitly has an 'any' type.
packages/frontend/src/components/ui/checkbox.tsx(4,36): error TS2307: Cannot find module '@radix-ui/react-checkbox@1.1.4' or its corresponding type declarations.
packages/frontend/src/components/ui/checkbox.tsx(5,27): error TS2307: Cannot find module 'lucide-react@0.487.0' or its corresponding type declarations.
packages/frontend/src/components/ui/collapsible.tsx(3,39): error TS2307: Cannot find module '@radix-ui/react-collapsible@1.1.3' or its corresponding type declarations.
packages/frontend/src/components/ui/command.tsx(4,45): error TS2307: Cannot find module 'cmdk@1.1.1' or its corresponding type declarations.
packages/frontend/src/components/ui/command.tsx(5,28): error TS2307: Cannot find module 'lucide-react@0.487.0' or its corresponding type declarations.
packages/frontend/src/components/ui/context-menu.tsx(4,39): error TS2307: Cannot find module '@radix-ui/react-context-menu@2.2.6' or its corresponding type declarations.
packages/frontend/src/components/ui/context-menu.tsx(5,57): error TS2307: Cannot find module 'lucide-react@0.487.0' or its corresponding type declarations.
packages/frontend/src/components/ui/dialog.tsx(4,34): error TS2307: Cannot find module '@radix-ui/react-dialog@1.1.6' or its corresponding type declarations.
packages/frontend/src/components/ui/dialog.tsx(5,23): error TS2307: Cannot find module 'lucide-react@0.487.0' or its corresponding type declarations.
packages/frontend/src/components/ui/drawer.tsx(4,43): error TS2307: Cannot find module 'vaul@1.1.2' or its corresponding type declarations.
packages/frontend/src/components/ui/dropdown-menu.tsx(4,40): error TS2307: Cannot find module '@radix-ui/react-dropdown-menu@2.1.6' or its corresponding type declarations.
packages/frontend/src/components/ui/dropdown-menu.tsx(5,57): error TS2307: Cannot find module 'lucide-react@0.487.0' or its corresponding type declarations.
packages/frontend/src/components/ui/form.tsx(4,33): error TS2307: Cannot find module '@radix-ui/react-label@2.1.2' or its corresponding type declarations.
packages/frontend/src/components/ui/form.tsx(5,22): error TS2307: Cannot find module '@radix-ui/react-slot@1.1.2' or its corresponding type declarations.
packages/frontend/src/components/ui/form.tsx(14,8): error TS2307: Cannot find module 'react-hook-form@7.55.0' or its corresponding type declarations.
packages/frontend/src/components/ui/hover-card.tsx(4,37): error TS2307: Cannot find module '@radix-ui/react-hover-card@1.1.6' or its corresponding type declarations.
packages/frontend/src/components/ui/input-otp.tsx(4,43): error TS2307: Cannot find module 'input-otp@1.4.2' or its corresponding type declarations.
packages/frontend/src/components/ui/input-otp.tsx(5,27): error TS2307: Cannot find module 'lucide-react@0.487.0' or its corresponding type declarations.
packages/frontend/src/components/ui/input-otp.tsx(47,61): error TS2339: Property 'slots' does not exist on type '{}'.
packages/frontend/src/components/ui/label.tsx(4,33): error TS2307: Cannot find module '@radix-ui/react-label@2.1.2' or its corresponding type declarations.
packages/frontend/src/components/ui/menubar.tsx(4,35): error TS2307: Cannot find module '@radix-ui/react-menubar@1.1.6' or its corresponding type declarations.
packages/frontend/src/components/ui/menubar.tsx(5,57): error TS2307: Cannot find module 'lucide-react@0.487.0' or its corresponding type declarations.
packages/frontend/src/components/ui/navigation-menu.tsx(2,42): error TS2307: Cannot find module '@radix-ui/react-navigation-menu@1.2.5' or its corresponding type declarations.
packages/frontend/src/components/ui/navigation-menu.tsx(3,21): error TS2307: Cannot find module 'class-variance-authority@0.7.1' or its corresponding type declarations.
packages/frontend/src/components/ui/navigation-menu.tsx(4,33): error TS2307: Cannot find module 'lucide-react@0.487.0' or its corresponding type declarations.
packages/frontend/src/components/ui/pagination.tsx(6,8): error TS2307: Cannot find module 'lucide-react@0.487.0' or its corresponding type declarations.
packages/frontend/src/components/ui/popover.tsx(4,35): error TS2307: Cannot find module '@radix-ui/react-popover@1.1.6' or its corresponding type declarations.
packages/frontend/src/components/ui/progress.tsx(4,36): error TS2307: Cannot find module '@radix-ui/react-progress@1.1.2' or its corresponding type declarations.
packages/frontend/src/components/ui/radio-group.tsx(4,38): error TS2307: Cannot find module '@radix-ui/react-radio-group@1.2.3' or its corresponding type declarations.
packages/frontend/src/components/ui/radio-group.tsx(5,28): error TS2307: Cannot find module 'lucide-react@0.487.0' or its corresponding type declarations.
packages/frontend/src/components/ui/resizable.tsx(4,34): error TS2307: Cannot find module 'lucide-react@0.487.0' or its corresponding type declarations.
packages/frontend/src/components/ui/resizable.tsx(5,37): error TS2307: Cannot find module 'react-resizable-panels@2.1.7' or its corresponding type declarations.
packages/frontend/src/components/ui/scroll-area.tsx(4,38): error TS2307: Cannot find module '@radix-ui/react-scroll-area@1.2.3' or its corresponding type declarations.
packages/frontend/src/components/ui/separator.tsx(4,37): error TS2307: Cannot find module '@radix-ui/react-separator@1.1.2' or its corresponding type declarations.
packages/frontend/src/components/ui/sheet.tsx(4,33): error TS2307: Cannot find module '@radix-ui/react-dialog@1.1.6' or its corresponding type declarations.
packages/frontend/src/components/ui/sheet.tsx(5,23): error TS2307: Cannot find module 'lucide-react@0.487.0' or its corresponding type declarations.
packages/frontend/src/components/ui/sidebar.tsx(4,22): error TS2307: Cannot find module '@radix-ui/react-slot@1.1.2' or its corresponding type declarations.
packages/frontend/src/components/ui/sidebar.tsx(5,35): error TS2307: Cannot find module 'class-variance-authority@0.7.1' or its corresponding type declarations.
packages/frontend/src/components/ui/sidebar.tsx(6,31): error TS2307: Cannot find module 'lucide-react@0.487.0' or its corresponding type declarations.
packages/frontend/src/components/ui/slider.tsx(4,34): error TS2307: Cannot find module '@radix-ui/react-slider@1.2.3' or its corresponding type declarations.
packages/frontend/src/components/ui/sonner.tsx(3,26): error TS2307: Cannot find module 'next-themes@0.4.6' or its corresponding type declarations.
packages/frontend/src/components/ui/sonner.tsx(4,49): error TS2307: Cannot find module 'sonner@2.0.3' or its corresponding type declarations.
packages/frontend/src/components/ui/switch.tsx(4,34): error TS2307: Cannot find module '@radix-ui/react-switch@1.1.3' or its corresponding type declarations.
packages/frontend/src/components/ui/tabs.tsx(4,32): error TS2307: Cannot find module '@radix-ui/react-tabs@1.1.3' or its corresponding type declarations.
packages/frontend/src/components/ui/toggle-group.tsx(4,39): error TS2307: Cannot find module '@radix-ui/react-toggle-group@1.1.2' or its corresponding type declarations.
packages/frontend/src/components/ui/toggle-group.tsx(5,35): error TS2307: Cannot find module 'class-variance-authority@0.7.1' or its corresponding type declarations.
packages/frontend/src/components/ui/toggle.tsx(4,34): error TS2307: Cannot find module '@radix-ui/react-toggle@1.1.2' or its corresponding type declarations.
packages/frontend/src/components/ui/toggle.tsx(5,40): error TS2307: Cannot find module 'class-variance-authority@0.7.1' or its corresponding type declarations.
packages/frontend/src/components/ui/tooltip.tsx(4,35): error TS2307: Cannot find module '@radix-ui/react-tooltip@1.1.8' or its corresponding type declarations.
packages/frontend/src/context/AppContext.tsx(1,37): error TS1484: 'ReactNode' is a type and must be imported using a type-only import when 'verbatimModuleSyntax' is enabled.
packages/frontend/src/data/mockData.ts(18,22): error TS2345: Argument of type 'number[] | undefined' is not assignable to parameter of type 'number[]'.
  Type 'undefined' is not assignable to type 'number[]'.
packages/frontend/src/data/mockData.ts(28,12): error TS18048: 'bufferedCoords' is possibly 'undefined'.
packages/frontend/src/data/mockData.ts(28,44): error TS2345: Argument of type '(coord: number[]) => { lat: number | undefined; lng: number | undefined; }' is not assignable to parameter of type '((value: Position, index: number, array: Position[]) => { lat: number | undefined; lng: number | undefined; }) & ((value: Position[], index: number, array: Position[][]) => { ...; })'.
  Type '(coord: number[]) => { lat: number | undefined; lng: number | undefined; }' is not assignable to type '(value: Position[], index: number, array: Position[][]) => { lat: number | undefined; lng: number | undefined; }'.
    Types of parameters 'coord' and 'value' are incompatible.
      Type 'Position[]' is not assignable to type 'number[]'.
        Type 'Position' is not assignable to type 'number'.
packages/frontend/src/data/mockData.ts(147,3): error TS2739: Type '{ id: string; landownerId: string; landownerName: string; name: string; siteType: "toal"; siteCategory: "helipad"; address: string; postcode: string; contactEmail: string; contactPhone: string; ... 7 more ...; createdAt: string; }' is missing the following properties from type 'Site': autoApprove, exclusiveUse
packages/frontend/src/lib/auth.ts(512,37): error TS2304: Cannot find name 'API_URL'.
packages/frontend/src/lib/auth.ts(526,37): error TS2304: Cannot find name 'API_URL'.
packages/frontend/src/lib/auth.ts(538,37): error TS2304: Cannot find name 'API_URL'.
packages/frontend/src/router.tsx(2,15): error TS1484: 'User' is a type and must be imported using a type-only import when 'verbatimModuleSyntax' is enabled.
packages/frontend/src/utils/geojson.ts(50,10): error TS2532: Object is possibly 'undefined'.
packages/frontend/src/utils/geojson.ts(50,32): error TS2532: Object is possibly 'undefined'.
packages/frontend/src/utils/geojson.ts(88,10): error TS2532: Object is possibly 'undefined'.
packages/frontend/src/utils/geojson.ts(88,35): error TS2532: Object is possibly 'undefined'.
packages/frontend/src/utils/geojson.ts(126,10): error TS2532: Object is possibly 'undefined'.
packages/frontend/src/utils/geojson.ts(126,35): error TS2532: Object is possibly 'undefined'.
packages/ui/src/components/text-scramble.tsx(52,14): error TS2345: Argument of type 'string | undefined' is not assignable to parameter of type 'string'.
  Type 'undefined' is not assignable to type 'string'.
services/admin-service/src/controllers/admin.ts(10,5): error TS2322: Type '"2024-04-10"' is not assignable to type '"2025-02-24.acacia"'.
services/admin-service/src/services/stripe.ts(5,3): error TS2322: Type '"2024-04-10"' is not assignable to type '"2025-02-24.acacia"'.
services/auth-service/src/services/stripe.ts(5,3): error TS2322: Type '"2024-04-10"' is not assignable to type '"2025-02-24.acacia"'.
services/booking-query-service/src/services/stripe.service.ts(6,5): error TS2322: Type '"2024-04-10"' is not assignable to type '"2025-02-24.acacia"'.
services/booking-service/src/services/stripe.service.ts(6,5): error TS2322: Type '"2024-04-10"' is not assignable to type '"2025-02-24.acacia"'.
services/document-service/src/services/stripe.service.ts(6,5): error TS2322: Type '"2024-04-10"' is not assignable to type '"2025-02-24.acacia"'.
services/notification-service/src/controllers/notifications.ts(149,30): error TS2345: Argument of type '"json"' is not assignable to parameter of type 'never'.
services/notification-service/src/controllers/notifications.ts(186,36): error TS2345: Argument of type 'string | undefined' is not assignable to parameter of type 'string'.
  Type 'undefined' is not assignable to type 'string'.
services/notification-service/src/controllers/notifications.ts(221,36): error TS2345: Argument of type 'string | undefined' is not assignable to parameter of type 'string'.
  Type 'undefined' is not assignable to type 'string'.
services/payment-service/src/services/billing.service.ts(6,3): error TS2322: Type '"2024-04-10"' is not assignable to type '"2025-02-24.acacia"'.
services/site-service/src/services/stripe.service.ts(6,5): error TS2322: Type '"2024-04-10"' is not assignable to type '"2025-02-24.acacia"'.
services/site-verification-service/src/services/stripe.service.ts(6,5): error TS2322: Type '"2024-04-10"' is not assignable to type '"2025-02-24.acacia"'.
services/subscription-service/src/controllers/cancel-subscription.ts(41,40): error TS2339: Property 'del' does not exist on type 'SubscriptionsResource'.
services/subscription-service/src/services/billing.service.ts(6,3): error TS2322: Type '"2024-04-10"' is not assignable to type '"2025-02-24.acacia"'.
services/user-service/src/controllers/profile.ts(9,5): error TS2322: Type '"2024-04-10"' is not assignable to type '"2025-02-24.acacia"'.
services/user-service/src/services/stripe.ts(5,3): error TS2322: Type '"2024-04-10"' is not assignable to type '"2025-02-24.acacia"'.
